ARM Linker, 5.03 [Build 24] [MDK-ARM Professional]

==============================================================================

Section Cross References

    main.o(.text) refers to cpu_a.o(.text) for CPU_SR_Save
    main.o(.text) refers to usart.o(.text) for ZD_Port
    main.o(.text) refers to os_core.o(.text) for OS_Sched0
    main.o(.text) refers to os_time.o(.text) for OSTimeDlyHMSM
    main.o(.text) refers to fflt_clz.o(x$fpl$ffltu) for __aeabi_ui2f
    main.o(.text) refers to os_var.o(.data) for OSSchedLockNestingCtr
    main.o(.text) refers to main.o(.data) for Start_Off_Flag
    main.o(.text) refers to usart.o(.bss) for Sensors
    main.o(.text) refers to usart.o(.data) for AQMD3610_FLOW
    main.o(.text) refers to cpu_core.o(.text) for CPU_Init
    main.o(.text) refers to os_stat.o(.text) for OSStatTaskCPUUsageInit
    main.o(.text) refers to os_tmr.o(.text) for OSTmrCreate
    main.o(.text) refers to os_task.o(.text) for OSTaskCreate
    main.o(.text) refers to rt_memclr_w.o(.text) for __aeabi_memclr4
    main.o(.text) refers to 24cxx.o(.text) for AT24CXX_Read
    main.o(.text) refers to main.o(.bss) for tmr1
    main.o(.text) refers to delay.o(.text) for delay_init
    main.o(.text) refers to misc.o(.text) for NVIC_PriorityGroupConfig
    main.o(.text) refers to ledbeep.o(.text) for LED_BEEP_Init
    main.o(.text) refers to pwm.o(.text) for TIM3_PWM_Int_Init
    system_stm32f10x.o(.text) refers to system_stm32f10x.o(.data) for SystemCoreClock
    ledbeep.o(.text) refers to stm32f10x_rcc.o(.text) for RCC_APB2PeriphClockCmd
    ledbeep.o(.text) refers to stm32f10x_gpio.o(.text) for GPIO_Init
    crc16.o(.text) refers to crc16.o(.constdata) for auchCRCHi
    crc16.o(.text) refers to crc16.o(.data) for CRCHigh
    24cxx.o(.text) refers to myiic.o(.text) for IIC_Init
    pwm.o(.text) refers to stm32f10x_rcc.o(.text) for RCC_APB1PeriphClockCmd
    pwm.o(.text) refers to stm32f10x_gpio.o(.text) for GPIO_PinRemapConfig
    pwm.o(.text) refers to stm32f10x_tim.o(.text) for TIM_TimeBaseInit
    pwm.o(.text) refers to system_stm32f10x.o(.data) for SystemCoreClock
    delay.o(.text) refers to os_core.o(.text) for OSSchedLock
    delay.o(.text) refers to os_time.o(.text) for OSTimeDly
    delay.o(.text) refers to misc.o(.text) for SysTick_CLKSourceConfig
    delay.o(.text) refers to os_var.o(.data) for OSRunning
    delay.o(.text) refers to system_stm32f10x.o(.data) for SystemCoreClock
    delay.o(.text) refers to delay.o(.data) for fac_us
    delay.o(.text) refers to os_cfg_app.o(.constdata) for OSCfg_TickRate_Hz
    usart.o(.text) refers (Special) to use_no_semi_2.o(.text) for __use_no_semihosting
    usart.o(.text) refers to stm32f10x_usart.o(.text) for USART_SendData
    usart.o(.text) refers to stm32f10x_rcc.o(.text) for RCC_APB2PeriphClockCmd
    usart.o(.text) refers to stm32f10x_gpio.o(.text) for GPIO_Init
    usart.o(.text) refers to usart.o(.bss) for U1DS
    usart.o(.text) refers to misc.o(.text) for NVIC_Init
    usart.o(.text) refers to os_core.o(.text) for OSIntEnter
    usart.o(.text) refers to crc16.o(.text) for Cal_CRC
    usart.o(.text) refers to crc16.o(.data) for CRCHigh
    usart.o(.text) refers to stm32f10x_tim.o(.text) for TIM_SetAutoreload
    usart.o(.text) refers to main.o(.data) for Start_Off_Flag
    usart.o(.text) refers to usart.o(.data) for AQMD3610_FLOW
    usart.o(.text) refers to 24cxx.o(.text) for AT24CXX_Write
    usart.o(.text) refers to feqf.o(x$fpl$feqf) for __aeabi_cfcmpeq
    usart.o(.text) refers to ffixu.o(x$fpl$ffixu) for __aeabi_f2uiz
    usart.o(.bss) refers (Special) to use_no_semi_2.o(.text) for __use_no_semihosting
    usart.o(.data) refers (Special) to use_no_semi_2.o(.text) for __use_no_semihosting
    startup_stm32f10x_hd.o(STACK) refers (Special) to heapauxi.o(.text) for __use_two_region_memory
    startup_stm32f10x_hd.o(HEAP) refers (Special) to heapauxi.o(.text) for __use_two_region_memory
    startup_stm32f10x_hd.o(RESET) refers (Special) to heapauxi.o(.text) for __use_two_region_memory
    startup_stm32f10x_hd.o(RESET) refers to startup_stm32f10x_hd.o(STACK) for __initial_sp
    startup_stm32f10x_hd.o(RESET) refers to startup_stm32f10x_hd.o(.text) for Reset_Handler
    startup_stm32f10x_hd.o(RESET) refers to stm32f10x_it.o(.text) for NMI_Handler
    startup_stm32f10x_hd.o(RESET) refers to os_cpu_a.o(CODE) for PendSV_Handler
    startup_stm32f10x_hd.o(RESET) refers to delay.o(.text) for SysTick_Handler
    startup_stm32f10x_hd.o(RESET) refers to usart.o(.text) for USART1_IRQHandler
    startup_stm32f10x_hd.o(.text) refers (Special) to heapauxi.o(.text) for __use_two_region_memory
    startup_stm32f10x_hd.o(.text) refers to system_stm32f10x.o(.text) for SystemInit
    startup_stm32f10x_hd.o(.text) refers to __main.o(!!!main) for __main
    startup_stm32f10x_hd.o(.text) refers to startup_stm32f10x_hd.o(HEAP) for Heap_Mem
    startup_stm32f10x_hd.o(.text) refers to startup_stm32f10x_hd.o(STACK) for Stack_Mem
[...]
    SendFirstByte_USART1                     0x08001569   Thumb Code    40  usart.o(.text)
    SendByte_USART1                          0x08001591   Thumb Code    88  usart.o(.text)
    ReceiveByte_USART1                       0x080015e9   Thumb Code    64  usart.o(.text)
    USART1_Rece                              0x08001629   Thumb Code    54  usart.o(.text)
    USART1_Send                              0x0800165f   Thumb Code    40  usart.o(.text)
    SendFirstByte_USART2                     0x08001687   Thumb Code    34  usart.o(.text)
    SendByte_USART2                          0x080016a9   Thumb Code    84  usart.o(.text)
    ReceiveByte_USART2                       0x080016fd   Thumb Code    66  usart.o(.text)
    USART2_Rece                              0x0800173f   Thumb Code    56  usart.o(.text)
    USART2_Send                              0x08001777   Thumb Code    40  usart.o(.text)
    SendFirstByte_UART5                      0x0800179f   Thumb Code    40  usart.o(.text)
    SendByte_UART5                           0x080017c7   Thumb Code    88  usart.o(.text)
    ReceiveByte_UART5                        0x0800181f   Thumb Code    64  usart.o(.text)
    UART5_Rece                               0x0800185f   Thumb Code    54  usart.o(.text)
    UART5_Send                               0x08001895   Thumb Code    40  usart.o(.text)
    USART_Com                                0x080018bd   Thumb Code    28  usart.o(.text)
    GPIO_Configuration                       0x080018d9   Thumb Code   202  usart.o(.text)
    uart_init                                0x080019a3   Thumb Code   468  usart.o(.text)
    USART1_IRQHandler                        0x08001b77   Thumb Code    64  usart.o(.text)
    USART2_IRQHandler                        0x08001bb7   Thumb Code    64  usart.o(.text)
    UART5_IRQHandler                         0x08001bf7   Thumb Code    64  usart.o(.text)
    ZD_Port                                  0x08001c37   Thumb Code   546  usart.o(.text)
    DataProcess                              0x08001e59   Thumb Code  3450  usart.o(.text)
    Azbil_Sensor_485connect                  0x08002bd3   Thumb Code   498  usart.o(.text)
    Uart1_SendDataMsg                        0x08002dc5   Thumb Code   290  usart.o(.text)
    Uart5_SendDataMsg                        0x08002ee7   Thumb Code   374  usart.o(.text)
    Reset_Handler                            0x08003079   Thumb Code     8  startup_stm32f10x_hd.o(.text)
    ADC1_2_IRQHandler                        0x08003093   Thumb Code     0  startup_stm32f10x_hd.o(.text)
    ADC3_IRQHandler                          0x08003093   Thumb Code     0  startup_stm32f10x_hd.o(.text)
    CAN1_RX1_IRQHandler                      0x08003093   Thumb Code     0  startup_stm32f10x_hd.o(.text)
    CAN1_SCE_IRQHandler                      0x08003093   Thumb Code     0  startup_stm32f10x_hd.o(.text)
    DMA1_Channel1_IRQHandler                 0x08003093   Thumb Code     0  startup_stm32f10x_hd.o(.text)
    DMA1_Channel2_IRQHandler                 0x08003093   Thumb Code     0  startup_stm32f10x_hd.o(.text)
    DMA1_Channel3_IRQHandler                 0x08003093   Thumb Code     0  startup_stm32f10x_hd.o(.text)
    DMA1_Channel4_IRQHandler                 0x08003093   Thumb Code     0  startup_stm32f10x_hd.o(.text)
    DMA1_Channel5_IRQHandler                 0x08003093   Thumb Code     0  startup_stm32f10x_hd.o(.text)
    DMA1_Channel6_IRQHandler                 0x08003093   Thumb Code     0  startup_stm32f10x_hd.o(.text)
    DMA1_Channel7_IRQHandler                 0x08003093   Thumb Code     0  startup_stm32f10x_hd.o(.text)
    DMA2_Channel1_IRQHandler                 0x08003093   Thumb Code     0  startup_stm32f10x_hd.o(.text)
    DMA2_Channel2_IRQHandler                 0x08003093   Thumb Code     0  startup_stm32f10x_hd.o(.text)
    DMA2_Channel3_IRQHandler                 0x08003093   Thumb Code     0  startup_stm32f10x_hd.o(.text)
    DMA2_Channel4_5_IRQHandler               0x08003093   Thumb Code     0  startup_stm32f10x_hd.o(.text)
    EXTI0_IRQHandler                         0x08003093   Thumb Code     0  startup_stm32f10x_hd.o(.text)
    EXTI15_10_IRQHandler                     0x08003093   Thumb Code     0  startup_stm32f10x_hd.o(.text)
    EXTI1_IRQHandler                         0x08003093   Thumb Code     0  startup_stm32f10x_hd.o(.text)
    EXTI2_IRQHandler                         0x08003093   Thumb Code     0  startup_stm32f10x_hd.o(.text)
    EXTI3_IRQHandler                         0x08003093   Thumb Code     0  startup_stm32f10x_hd.o(.text)
    EXTI4_IRQHandler                         0x08003093   Thumb Code     0  startup_stm32f10x_hd.o(.text)
    EXTI9_5_IRQHandler                       0x08003093   Thumb Code     0  startup_stm32f10x_hd.o(.text)
    FLASH_IRQHandler                         0x08003093   Thumb Code     0  startup_stm32f10x_hd.o(.text)
    FSMC_IRQHandler                          0x08003093   Thumb Code     0  startup_stm32f10x_hd.o(.text)
    I2C1_ER_IRQHandler                       0x08003093   Thumb Code     0  startup_stm32f10x_hd.o(.text)
    I2C1_EV_IRQHandler                       0x08003093   Thumb Code     0  startup_stm32f10x_hd.o(.text)
    I2C2_ER_IRQHandler                       0x08003093   Thumb Code     0  startup_stm32f10x_hd.o(.text)
    I2C2_EV_IRQHandler                       0x08003093   Thumb Code     0  startup_stm32f10x_hd.o(.text)
    PVD_IRQHandler                           0x08003093   Thumb Code     0  startup_stm32f10x_hd.o(.text)
    RCC_IRQHandler                           0x08003093   Thumb Code     0  startup_stm32f10x_hd.o(.text)
    RTCAlarm_IRQHandler                      0x08003093   Thumb Code     0  startup_stm32f10x_hd.o(.text)
    RTC_IRQHandler                           0x08003093   Thumb Code     0  startup_stm32f10x_hd.o(.text)
    SDIO_IRQHandler                          0x08003093   Thumb Code     0  startup_stm32f10x_hd.o(.text)
    SPI1_IRQHandler                          0x08003093   Thumb Code     0  startup_stm32f10x_hd.o(.text)
    SPI2_IRQHandler                          0x08003093   Thumb Code     0  startup_stm32f10x_hd.o(.text)
    SPI3_IRQHandler                          0x08003093   Thumb Code     0  startup_stm32f10x_hd.o(.text)
    TAMPER_IRQHandler                        0x08003093   Thumb Code     0  startup_stm32f10x_hd.o(.text)
    TIM1_BRK_IRQHandler                      0x08003093   Thumb Code     0  startup_stm32f10x_hd.o(.text)
    TIM1_CC_IRQHandler                       0x08003093   Thumb Code     0  startup_stm32f10x_hd.o(.text)
    TIM1_TRG_COM_IRQHandler                  0x08003093   Thumb Code     0  startup_stm32f10x_hd.o(.text)
    TIM1_UP_IRQHandler                       0x08003093   Thumb Code     0  startup_stm32f10x_hd.o(.text)
    TIM2_IRQHandler                          0x08003093   Thumb Code     0  startup_stm32f10x_hd.o(.text)
    TIM3_IRQHandler                          0x08003093   Thumb Code     0  startup_stm32f10x_hd.o(.text)
    TIM4_IRQHandler                          0x08003093   Thumb Code     0  startup_stm32f10x_hd.o(.text)
    TIM5_IRQHandler                          0x08003093   Thumb Code     0  startup_stm32f10x_hd.o(.text)
    TIM6_IRQHandler                          0x08003093   Thumb Code     0  startup_stm32f10x_hd.o(.text)
    TIM7_IRQHandler                          0x08003093   Thumb Code     0  startup_stm32f10x_hd.o(.text)
    TIM8_BRK_IRQHandler                      0x08003093   Thumb Code     0  startup_stm32f10x_hd.o(.text)
    TIM8_CC_IRQHandler                       0x08003093   Thumb Code     0  startup_stm32f10x_hd.o(.text)
    TIM8_TRG_COM_IRQHandler                  0x08003093   Thumb Code     0  startup_stm32f10x_hd.o(.text)
    TIM8_UP_IRQHandler                       0x08003093   Thumb Code     0  startup_stm32f10x_hd.o(.text)
    UART4_IRQHandler                         0x08003093   Thumb Code     0  startup_stm32f10x_hd.o(.text)
    USART3_IRQHandler                        0x08003093   Thumb Code     0  startup_stm32f10x_hd.o(.text)
    USBWakeUp_IRQHandler                     0x08003093   Thumb Code     0  startup_stm32f10x_hd.o(.text)
    USB_HP_CAN1_TX_IRQHandler                0x08003093   Thumb Code     0  startup_stm32f10x_hd.o(.text)
    USB_LP_CAN1_RX0_IRQHandler               0x08003093   Thumb Code     0  startup_stm32f10x_hd.o(.text)
    WWDG_IRQHandler                          0x08003093   Thumb Code     0  startup_stm32f10x_hd.o(.text)
    __user_initial_stackheap                 0x08003095   Thumb Code     0  startup_stm32f10x_hd.o(.text)
    NVIC_PriorityGroupConfig                 0x080030b9   Thumb Code    10  misc.o(.text)
    NVIC_Init                                0x080030c3   Thumb Code   102  misc.o(.text)
    NVIC_SetVectorTable                      0x08003129   Thumb Code    14  misc.o(.text)
    NVIC_SystemLPConfig                      0x08003137   Thumb Code    34  misc.o(.text)
    SysTick_CLKSourceConfig                  0x08003159   Thumb Code    40  misc.o(.text)
    GPIO_DeInit                              0x08003195   Thumb Code   172  stm32f10x_gpio.o(.text)
    GPIO_AFIODeInit                          0x08003241   Thumb Code    20  stm32f10x_gpio.o(.text)
    GPIO_Init                                0x08003255   Thumb Code   274  stm32f10x_gpio.o(.text)
    GPIO_StructInit                          0x08003367   Thumb Code    16  stm32f10x_gpio.o(.text)
    GPIO_ReadInputDataBit                    0x08003377   Thumb Code    18  stm32f10x_gpio.o(.text)
    GPIO_ReadInputData                       0x08003389   Thumb Code     8  stm32f10x_gpio.o(.text)
    GPIO_ReadOutputDataBit                   0x08003391   Thumb Code    18  stm32f10x_gpio.o(.text)
    GPIO_ReadOutputData                      0x080033a3   Thumb Code     8  stm32f10x_gpio.o(.text)
    GPIO_SetBits                             0x080033ab   Thumb Code     4  stm32f10x_gpio.o(.text)
    GPIO_ResetBits                           0x080033af   Thumb Code     4  stm32f10x_gpio.o(.text)
    GPIO_WriteBit                            0x080033b3   Thumb Code    10  stm32f10x_gpio.o(.text)
    GPIO_Write                               0x080033bd   Thumb Code     4  stm32f10x_gpio.o(.text)
    GPIO_PinLockConfig                       0x080033c1   Thumb Code    18  stm32f10x_gpio.o(.text)
    GPIO_EventOutputConfig                   0x080033d3   Thumb Code    26  stm32f10x_gpio.o(.text)
    GPIO_EventOutputCmd                      0x080033ed   Thumb Code     6  stm32f10x_gpio.o(.text)
    GPIO_PinRemapConfig                      0x080033f3   Thumb Code   138  stm32f10x_gpio.o(.text)
    GPIO_EXTILineConfig                      0x0800347d   Thumb Code    66  stm32f10x_gpio.o(.text)
    GPIO_ETH_MediaInterfaceConfig            0x080034bf   Thumb Code     6  stm32f10x_gpio.o(.text)
    USART_DeInit                             0x080034ed   Thumb Code   134  stm32f10x_usart.o(.text)
    USART_Init                               0x08003573   Thumb Code   210  stm32f10x_usart.o(.text)
    USART_StructInit                         0x08003645   Thumb Code    24  stm32f10x_usart.o(.text)
    USART_ClockInit                          0x0800365d   Thumb Code    34  stm32f10x_usart.o(.text)
    USART_ClockStructInit                    0x0800367f   Thumb Code    12  stm32f10x_usart.o(.text)
    USART_Cmd                                0x0800368b   Thumb Code    24  stm32f10x_usart.o(.text)
    USART_ITConfig                           0x080036a3   Thumb Code    74  stm32f10x_usart.o(.text)
    USART_DMACmd                             0x080036ed   Thumb Code    18  stm32f10x_usart.o(.text)
    USART_SetAddress                         0x080036ff   Thumb Code    18  stm32f10x_usart.o(.text)
    USART_WakeUpConfig                       0x08003711   Thumb Code    18  stm32f10x_usart.o(.text)
    USART_ReceiverWakeUpCmd                  0x08003723   Thumb Code    24  stm32f10x_usart.o(.text)
    USART_LINBreakDetectLengthConfig         0x0800373b   Thumb Code    18  stm32f10x_usart.o(.text)
    USART_LINCmd                             0x0800374d   Thumb Code    24  stm32f10x_usart.o(.text)
    USART_SendData                           0x08003765   Thumb Code     8  stm32f10x_usart.o(.text)
    USART_ReceiveData                        0x0800376d   Thumb Code    10  stm32f10x_usart.o(.text)
    USART_SendBreak                          0x08003777   Thumb Code    10  stm32f10x_usart.o(.text)
    USART_SetGuardTime                       0x08003781   Thumb Code    16  stm32f10x_usart.o(.text)
    USART_SetPrescaler                       0x08003791   Thumb Code    16  stm32f10x_usart.o(.text)
    USART_SmartCardCmd                       0x080037a1   Thumb Code    24  stm32f10x_usart.o(.text)
    USART_SmartCardNACKCmd                   0x080037b9   Thumb Code    24  stm32f10x_usart.o(.text)
    USART_HalfDuplexCmd                      0x080037d1   Thumb Code    24  stm32f10x_usart.o(.text)
    USART_OverSampling8Cmd                   0x080037e9   Thumb Code    22  stm32f10x_usart.o(.text)
    USART_OneBitMethodCmd                    0x080037ff   Thumb Code    24  stm32f10x_usart.o(.text)
    USART_IrDAConfig                         0x08003817   Thumb Code    18  stm32f10x_usart.o(.text)
    USART_IrDACmd                            0x08003829   Thumb Code    24  stm32f10x_usart.o(.text)
    USART_GetFlagStatus                      0x08003841   Thumb Code    26  stm32f10x_usart.o(.text)
    USART_ClearFlag                          0x0800385b   Thumb Code    18  stm32f10x_usart.o(.text)
    USART_GetITStatus                        0x0800386d   Thumb Code    84  stm32f10x_usart.o(.text)
    USART_ClearITPendingBit                  0x080038c1   Thumb Code    52  stm32f10x_usart.o(.text)
    RCC_DeInit                               0x080038f5   Thumb Code    64  stm32f10x_rcc.o(.text)
    RCC_HSEConfig                            0x08003935   Thumb Code    70  stm32f10x_rcc.o(.text)
    RCC_GetFlagStatus                        0x0800397b   Thumb Code    56  stm32f10x_rcc.o(.text)
    RCC_WaitForHSEStartUp                    0x080039b3   Thumb Code    56  stm32f10x_rcc.o(.text)
    RCC_AdjustHSICalibrationValue            0x080039eb   Thumb Code    20  stm32f10x_rcc.o(.text)
    RCC_HSICmd                               0x080039ff   Thumb Code     6  stm32f10x_rcc.o(.text)
    RCC_PLLConfig                            0x08003a05   Thumb Code    24  stm32f10x_rcc.o(.text)
    RCC_PLLCmd                               0x08003a1d   Thumb Code     6  stm32f10x_rcc.o(.text)
    RCC_SYSCLKConfig                         0x08003a23   Thumb Code    18  stm32f10x_rcc.o(.text)
    RCC_GetSYSCLKSource                      0x08003a35   Thumb Code    10  stm32f10x_rcc.o(.text)
    RCC_HCLKConfig                           0x08003a3f   Thumb Code    18  stm32f10x_rcc.o(.text)
    RCC_PCLK1Config                          0x08003a51   Thumb Code    18  stm32f10x_rcc.o(.text)
    RCC_PCLK2Config                          0x08003a63   Thumb Code    20  stm32f10x_rcc.o(.text)
    RCC_ITConfig                             0x08003a77   Thumb Code    26  stm32f10x_rcc.o(.text)
    RCC_USBCLKConfig                         0x08003a91   Thumb Code     6  stm32f10x_rcc.o(.text)
    RCC_ADCCLKConfig                         0x08003a97   Thumb Code    18  stm32f10x_rcc.o(.text)
    RCC_LSEConfig                            0x08003aa9   Thumb Code    44  stm32f10x_rcc.o(.text)
    RCC_LSICmd                               0x08003ad5   Thumb Code     6  stm32f10x_rcc.o(.text)
    RCC_RTCCLKConfig                         0x08003adb   Thumb Code    12  stm32f10x_rcc.o(.text)
    RCC_RTCCLKCmd                            0x08003ae7   Thumb Code     8  stm32f10x_rcc.o(.text)
    RCC_GetClocksFreq                        0x08003aef   Thumb Code   192  stm32f10x_rcc.o(.text)
    RCC_AHBPeriphClockCmd                    0x08003baf   Thumb Code    26  stm32f10x_rcc.o(.text)
    RCC_APB2PeriphClockCmd                   0x08003bc9   Thumb Code    26  stm32f10x_rcc.o(.text)
    RCC_APB1PeriphClockCmd                   0x08003be3   Thumb Code    26  stm32f10x_rcc.o(.text)
    RCC_APB2PeriphResetCmd                   0x08003bfd   Thumb Code    26  stm32f10x_rcc.o(.text)
    RCC_APB1PeriphResetCmd                   0x08003c17   Thumb Code    26  stm32f10x_rcc.o(.text)
    RCC_BackupResetCmd                       0x08003c31   Thumb Code     8  stm32f10x_rcc.o(.text)
    RCC_ClockSecuritySystemCmd               0x08003c39   Thumb Code     6  stm32f10x_rcc.o(.text)
    RCC_MCOConfig                            0x08003c3f   Thumb Code     6  stm32f10x_rcc.o(.text)
    RCC_ClearFlag                            0x08003c45   Thumb Code    14  stm32f10x_rcc.o(.text)
    RCC_GetITStatus                          0x08003c53   Thumb Code    20  stm32f10x_rcc.o(.text)
    RCC_ClearITPendingBit                    0x08003c67   Thumb Code     6  stm32f10x_rcc.o(.text)
    TIM_DeInit                               0x08003c99   Thumb Code   424  stm32f10x_tim.o(.text)
    TIM_TimeBaseInit                         0x08003e41   Thumb Code   122  stm32f10x_tim.o(.text)
    TIM_OC1Init                              0x08003ebb   Thumb Code   132  stm32f10x_tim.o(.text)
    TIM_OC2Init                              0x08003f3f   Thumb Code   154  stm32f10x_tim.o(.text)
    TIM_OC3Init                              0x08003fd9   Thumb Code   150  stm32f10x_tim.o(.text)
    TIM_OC4Init                              0x0800406f   Thumb Code   182  stm32f10x_tim.o(.text)
    TIM_SetIC4Prescaler                      0x08004125   Thumb Code    26  stm32f10x_tim.o(.text)
    TIM_SetIC3Prescaler                      0x080041c1   Thumb Code    18  stm32f10x_tim.o(.text)
    TIM_SetIC2Prescaler                      0x0800424d   Thumb Code    26  stm32f10x_tim.o(.text)
    TIM_SetIC1Prescaler                      0x080042e9   Thumb Code    18  stm32f10x_tim.o(.text)
    TIM_ICInit                               0x08004367   Thumb Code   150  stm32f10x_tim.o(.text)
    TIM_PWMIConfig                           0x080043fd   Thumb Code   124  stm32f10x_tim.o(.text)
    TIM_BDTRConfig                           0x08004479   Thumb Code    32  stm32f10x_tim.o(.text)
    TIM_TimeBaseStructInit                   0x08004499   Thumb Code    18  stm32f10x_tim.o(.text)
    TIM_OCStructInit                         0x080044ab   Thumb Code    20  stm32f10x_tim.o(.text)
    TIM_ICStructInit                         0x080044bf   Thumb Code    18  stm32f10x_tim.o(.text)
    TIM_BDTRStructInit                       0x080044d1   Thumb Code    40  stm32f10x_tim.o(.text)
    TIM_Cmd                                  0x080044f9   Thumb Code    24  stm32f10x_tim.o(.text)
    TIM_CtrlPWMOutputs                       0x08004511   Thumb Code    30  stm32f10x_tim.o(.text)
    TIM_ITConfig                             0x0800452f   Thumb Code    18  stm32f10x_tim.o(.text)
    TIM_GenerateEvent                        0x08004541   Thumb Code     4  stm32f10x_tim.o(.text)
    TIM_DMAConfig                            0x08004545   Thumb Code    10  stm32f10x_tim.o(.text)
    TIM_DMACmd                               0x0800454f   Thumb Code    18  stm32f10x_tim.o(.text)
    TIM_InternalClockConfig                  0x08004561   Thumb Code    12  stm32f10x_tim.o(.text)
    TIM_SelectInputTrigger                   0x0800456d   Thumb Code    18  stm32f10x_tim.o(.text)
    TIM_ITRxExternalClockConfig              0x0800457f   Thumb Code    24  stm32f10x_tim.o(.text)
    TIM_TIxExternalClockConfig               0x08004597   Thumb Code    62  stm32f10x_tim.o(.text)
    TIM_ETRConfig                            0x080045d5   Thumb Code    28  stm32f10x_tim.o(.text)
    TIM_ETRClockMode1Config                  0x080045f1   Thumb Code    54  stm32f10x_tim.o(.text)
    TIM_ETRClockMode2Config                  0x08004627   Thumb Code    32  stm32f10x_tim.o(.text)
    TIM_PrescalerConfig                      0x08004647   Thumb Code     6  stm32f10x_tim.o(.text)
    TIM_CounterModeConfig                    0x0800464d   Thumb Code    18  stm32f10x_tim.o(.text)
    TIM_EncoderInterfaceConfig               0x0800465f   Thumb Code    66  stm32f10x_tim.o(.text)
    TIM_ForcedOC1Config                      0x080046a1   Thumb Code    18  stm32f10x_tim.o(.text)
    TIM_ForcedOC2Config                      0x080046b3   Thumb Code    26  stm32f10x_tim.o(.text)
    TIM_ForcedOC3Config                      0x080046cd   Thumb Code    18  stm32f10x_tim.o(.text)
    TIM_ForcedOC4Config                      0x080046df   Thumb Code    26  stm32f10x_tim.o(.text)
    TIM_ARRPreloadConfig                     0x080046f9   Thumb Code    24  stm32f10x_tim.o(.text)
    TIM_SelectCOM                            0x08004711   Thumb Code    24  stm32f10x_tim.o(.text)
    TIM_SelectCCDMA                          0x08004729   Thumb Code    24  stm32f10x_tim.o(.text)
    TIM_CCPreloadControl                     0x08004741   Thumb Code    24  stm32f10x_tim.o(.text)
    TIM_OC1PreloadConfig                     0x08004759   Thumb Code    18  stm32f10x_tim.o(.text)
    TIM_OC2PreloadConfig                     0x0800476b   Thumb Code    26  stm32f10x_tim.o(.text)
    TIM_OC3PreloadConfig                     0x08004785   Thumb Code    18  stm32f10x_tim.o(.text)
    TIM_OC4PreloadConfig                     0x08004797   Thumb Code    26  stm32f10x_tim.o(.text)
    TIM_OC1FastConfig                        0x080047b1   Thumb Code    18  stm32f10x_tim.o(.text)
    TIM_OC2FastConfig                        0x080047c3   Thumb Code    26  stm32f10x_tim.o(.text)
    TIM_OC3FastConfig                        0x080047dd   Thumb Code    18  stm32f10x_tim.o(.text)
    TIM_OC4FastConfig                        0x080047ef   Thumb Code    26  stm32f10x_tim.o(.text)
    TIM_ClearOC1Ref                          0x08004809   Thumb Code    18  stm32f10x_tim.o(.text)
    TIM_ClearOC2Ref                          0x0800481b   Thumb Code    24  stm32f10x_tim.o(.text)
    TIM_ClearOC3Ref                          0x08004833   Thumb Code    18  stm32f10x_tim.o(.text)
    TIM_ClearOC4Ref                          0x08004845   Thumb Code    24  stm32f10x_tim.o(.text)
    TIM_OC1PolarityConfig                    0x0800485d   Thumb Code    18  stm32f10x_tim.o(.text)
    TIM_OC1NPolarityConfig                   0x0800486f   Thumb Code    18  stm32f10x_tim.o(.text)
    TIM_OC2PolarityConfig                    0x08004881   Thumb Code    26  stm32f10x_tim.o(.text)
    TIM_OC2NPolarityConfig                   0x0800489b   Thumb Code    26  stm32f10x_tim.o(.text)
    TIM_OC3PolarityConfig                    0x080048b5   Thumb Code    26  stm32f10x_tim.o(.text)
    TIM_OC3NPolarityConfig                   0x080048cf   Thumb Code    26  stm32f10x_tim.o(.text)
    TIM_OC4PolarityConfig                    0x080048e9   Thumb Code    26  stm32f10x_tim.o(.text)
    TIM_CCxCmd                               0x08004903   Thumb Code    30  stm32f10x_tim.o(.text)
    TIM_CCxNCmd                              0x08004921   Thumb Code    30  stm32f10x_tim.o(.text)
    TIM_SelectOCxM                           0x0800493f   Thumb Code    82  stm32f10x_tim.o(.text)
    TIM_UpdateDisableConfig                  0x08004991   Thumb Code    24  stm32f10x_tim.o(.text)
    TIM_UpdateRequestConfig                  0x080049a9   Thumb Code    24  stm32f10x_tim.o(.text)
    TIM_SelectHallSensor                     0x080049c1   Thumb Code    24  stm32f10x_tim.o(.text)
    TIM_SelectOnePulseMode                   0x080049d9   Thumb Code    18  stm32f10x_tim.o(.text)
    TIM_SelectOutputTrigger                  0x080049eb   Thumb Code    18  stm32f10x_tim.o(.text)
    TIM_SelectSlaveMode                      0x080049fd   Thumb Code    18  stm32f10x_tim.o(.text)
    TIM_SelectMasterSlaveMode                0x08004a0f   Thumb Code    18  stm32f10x_tim.o(.text)
    TIM_SetCounter                           0x08004a21   Thumb Code     4  stm32f10x_tim.o(.text)
    TIM_SetAutoreload                        0x08004a25   Thumb Code     4  stm32f10x_tim.o(.text)
    TIM_SetCompare1                          0x08004a29   Thumb Code     4  stm32f10x_tim.o(.text)
    TIM_SetCompare2                          0x08004a2d   Thumb Code     4  stm32f10x_tim.o(.text)
    TIM_SetCompare3                          0x08004a31   Thumb Code     4  stm32f10x_tim.o(.text)
    TIM_SetCompare4                          0x08004a35   Thumb Code     6  stm32f10x_tim.o(.text)
    TIM_SetClockDivision                     0x08004a3b   Thumb Code    18  stm32f10x_tim.o(.text)
    TIM_GetCapture1                          0x08004a4d   Thumb Code     6  stm32f10x_tim.o(.text)
    TIM_GetCapture2                          0x08004a53   Thumb Code     6  stm32f10x_tim.o(.text)
    TIM_GetCapture3                          0x08004a59   Thumb Code     6  stm32f10x_tim.o(.text)
    TIM_GetCapture4                          0x08004a5f   Thumb Code     8  stm32f10x_tim.o(.text)
    TIM_GetCounter                           0x08004a67   Thumb Code     6  stm32f10x_tim.o(.text)
    TIM_GetPrescaler                         0x08004a6d   Thumb Code     6  stm32f10x_tim.o(.text)
    TIM_GetFlagStatus                        0x08004a73   Thumb Code    18  stm32f10x_tim.o(.text)
    TIM_ClearFlag                            0x08004a85   Thumb Code     6  stm32f10x_tim.o(.text)
    TIM_GetITStatus                          0x08004a8b   Thumb Code    34  stm32f10x_tim.o(.text)
    TIM_ClearITPendingBit                    0x08004aad   Thumb Code     6  stm32f10x_tim.o(.text)
    BSP_CPU_ClkFreq                          0x08004ab5   Thumb Code    16  bsp.o(.text)
    CPU_TS_TmrInit                           0x08004ac5   Thumb Code    44  bsp.o(.text)
    CPU_TS_TmrRd                             0x08004af1   Thumb Code     6  bsp.o(.text)
    CPU_TS32_to_uSec                         0x08004af7   Thumb Code    54  bsp.o(.text)
    CPU_NameClr                              0x08004b39   Thumb Code    42  cpu_core.o(.text)
    CPU_Init                                 0x08004b79   Thumb Code    12  cpu_core.o(.text)
    CPU_SW_Exception                         0x08004b85   Thumb Code     4  cpu_core.o(.text)
    CPU_NameGet                              0x08004b89   Thumb Code    70  cpu_core.o(.text)
    CPU_NameSet                              0x08004bcf   Thumb Code    96  cpu_core.o(.text)
    CPU_TS_Get32                             0x08004c2f   Thumb Code    12  cpu_core.o(.text)
    CPU_TS_Update                            0x08004c3b   Thumb Code     2  cpu_core.o(.text)
    CPU_TS_TmrFreqGet                        0x08004c3d   Thumb Code    30  cpu_core.o(.text)
    CPU_TS_TmrFreqSet                        0x08004c5b   Thumb Code     6  cpu_core.o(.text)
    CPU_CntLeadZeros08                       0x08004c61   Thumb Code    18  cpu_core.o(.text)
    CPU_CntLeadZeros16                       0x08004c73   Thumb Code    18  cpu_core.o(.text)
    CPU_CntLeadZeros32                       0x08004c85   Thumb Code    18  cpu_core.o(.text)
    CPU_CntLeadZeros64                       0x08004c97   Thumb Code   194  cpu_core.o(.text)
    CPU_CntTrailZeros08                      0x08004d59   Thumb Code    22  cpu_core.o(.text)
    CPU_CntTrailZeros16                      0x08004d6f   Thumb Code    22  cpu_core.o(.text)
    CPU_CntTrailZeros32                      0x08004d85   Thumb Code    22  cpu_core.o(.text)
    CPU_CntTrailZeros64                      0x08004d9b   Thumb Code    66  cpu_core.o(.text)
    CPU_IntDis                               0x08004de9   Thumb Code     0  cpu_a.o(.text)
    CPU_IntEn                                0x08004ded   Thumb Code     0  cpu_a.o(.text)
    CPU_SR_Save                              0x08004df1   Thumb Code     0  cpu_a.o(.text)
    CPU_SR_Restore                           0x08004df9   Thumb Code     0  cpu_a.o(.text)
    CPU_WaitForInt                           0x08004dff   Thumb Code     0  cpu_a.o(.text)
    CPU_WaitForExcept                        0x08004e03   Thumb Code     0  cpu_a.o(.text)
    CPU_CntLeadZeros                         0x08004e07   Thumb Code     0  cpu_a.o(.text)
    CPU_CntTrailZeros                        0x08004e0d   Thumb Code     0  cpu_a.o(.text)
    CPU_RevBits                              0x08004e17   Thumb Code     0  cpu_a.o(.text)
    ASCII_IsAlpha                            0x08004e1d   Thumb Code    48  lib_ascii.o(.text)
    ASCII_IsAlphaNum                         0x08004e4d   Thumb Code    76  lib_ascii.o(.text)
    ASCII_IsLower                            0x08004e99   Thumb Code    20  lib_ascii.o(.text)
    ASCII_IsUpper                            0x08004ead   Thumb Code    20  lib_ascii.o(.text)
    ASCII_IsDig                              0x08004ec1   Thumb Code    20  lib_ascii.o(.text)
    ASCII_IsDigOct                           0x08004ed5   Thumb Code    20  lib_ascii.o(.text)
    ASCII_IsDigHex                           0x08004ee9   Thumb Code    36  lib_ascii.o(.text)
    ASCII_IsBlank                            0x08004f0d   Thumb Code    20  lib_ascii.o(.text)
    ASCII_IsSpace                            0x08004f21   Thumb Code    36  lib_ascii.o(.text)
    ASCII_IsPrint                            0x08004f45   Thumb Code    20  lib_ascii.o(.text)
    ASCII_IsGraph                            0x08004f59   Thumb Code    20  lib_ascii.o(.text)
    ASCII_IsPunct                            0x08004f6d   Thumb Code   134  lib_ascii.o(.text)
    ASCII_IsCtrl                             0x08004ff3   Thumb Code    26  lib_ascii.o(.text)
    ASCII_ToLower                            0x0800500d   Thumb Code    32  lib_ascii.o(.text)
    ASCII_ToUpper                            0x0800502d   Thumb Code    32  lib_ascii.o(.text)
    ASCII_Cmp                                0x0800504d   Thumb Code    38  lib_ascii.o(.text)
    Mem_Init                                 0x08005075   Thumb Code    54  lib_mem.o(.text)
    Mem_Set                                  0x080050ab   Thumb Code    84  lib_mem.o(.text)
    Mem_Clr                                  0x080050ff   Thumb Code    18  lib_mem.o(.text)
    Mem_Move                                 0x08005111   Thumb Code   186  lib_mem.o(.text)
    Mem_Cmp                                  0x080051cb   Thumb Code   192  lib_mem.o(.text)
    Mem_HeapAlloc                            0x08005303   Thumb Code   168  lib_mem.o(.text)
    Mem_SegGetSizeRem                        0x080053ab   Thumb Code   108  lib_mem.o(.text)
    Mem_HeapGetSizeRem                       0x08005417   Thumb Code    22  lib_mem.o(.text)
    Mem_PoolClr                              0x0800542d   Thumb Code    80  lib_mem.o(.text)
    Mem_PoolCreate                           0x0800547d   Thumb Code   838  lib_mem.o(.text)
    Mem_PoolBlkGetNbrAvail                   0x080057c3   Thumb Code    52  lib_mem.o(.text)
    Mem_PoolBlkGet                           0x080057f7   Thumb Code   126  lib_mem.o(.text)
    Mem_PoolBlkGetUsedAtIx                   0x08005875   Thumb Code   140  lib_mem.o(.text)
    Mem_PoolBlkFree                          0x08005901   Thumb Code   152  lib_mem.o(.text)
    Mem_PoolBlkIxGet                         0x08005999   Thumb Code   162  lib_mem.o(.text)
    Str_Len_N                                0x08005a3d   Thumb Code    28  lib_str.o(.text)
    Str_Len                                  0x08005a59   Thumb Code    20  lib_str.o(.text)
    Str_Copy_N                               0x08005a6d   Thumb Code    70  lib_str.o(.text)
    Str_Copy                                 0x08005ab3   Thumb Code    24  lib_str.o(.text)
    Str_Cat_N                                0x08005acb   Thumb Code    90  lib_str.o(.text)
    Str_Cat                                  0x08005b25   Thumb Code    24  lib_str.o(.text)
    Str_Cmp_N                                0x08005b3d   Thumb Code   156  lib_str.o(.text)
    Str_Cmp                                  0x08005bd9   Thumb Code    24  lib_str.o(.text)
    Str_CmpIgnoreCase_N                      0x08005bf1   Thumb Code   264  lib_str.o(.text)
    Str_CmpIgnoreCase                        0x08005cf9   Thumb Code    24  lib_str.o(.text)
    Str_Char_N                               0x08005d11   Thumb Code    74  lib_str.o(.text)
    Str_Char                                 0x08005d5b   Thumb Code    24  lib_str.o(.text)
    Str_Char_Last_N                          0x08005d73   Thumb Code    76  lib_str.o(.text)
    Str_Char_Last                            0x08005dbf   Thumb Code    24  lib_str.o(.text)
    Str_Char_Replace_N                       0x08005dd7   Thumb Code    52  lib_str.o(.text)
    Str_Char_Replace                         0x08005e0b   Thumb Code    28  lib_str.o(.text)
    Str_Str_N                                0x08005e27   Thumb Code   182  lib_str.o(.text)
    Str_Str                                  0x08005edd   Thumb Code    24  lib_str.o(.text)
    Str_FmtNbr_Int32U                        0x080060d1   Thumb Code    46  lib_str.o(.text)
    Str_FmtNbr_Int32S                        0x080060ff   Thumb Code    62  lib_str.o(.text)
    Str_ParseNbr_Int32U                      0x080062fb   Thumb Code    30  lib_str.o(.text)
    Str_ParseNbr_Int32S                      0x08006319   Thumb Code    74  lib_str.o(.text)
    Mem_Copy                                 0x08006369   Thumb Code     0  lib_mem_a.o(.text)
    OSCfg_Init                               0x08006589   Thumb Code    86  os_cfg_app.o(.text)
    OS_IdleTask                              0x08006685   Thumb Code    60  os_core.o(.text)
    OS_IdleTaskInit                          0x080066c1   Thumb Code    68  os_core.o(.text)
    OS_RdyListInit                           0x08006705   Thumb Code    32  os_core.o(.text)
    OSInit                                   0x08006725   Thumb Code   300  os_core.o(.text)
    OSIntEnter                               0x08006851   Thumb Code    34  os_core.o(.text)
    OSIntExit                                0x08006873   Thumb Code   192  os_core.o(.text)
    OSSched                                  0x08006933   Thumb Code   134  os_core.o(.text)
    OS_SchedLockTimeMeasStart                0x080069b9   Thumb Code    20  os_core.o(.text)
    OSSchedLock                              0x080069cd   Thumb Code   104  os_core.o(.text)
    OS_SchedLockTimeMeasStop                 0x08006a35   Thumb Code    44  os_core.o(.text)
    OSSchedUnlock                            0x08006a61   Thumb Code   290  os_core.o(.text)
    OSSchedRoundRobinCfg                     0x08006b83   Thumb Code    88  os_core.o(.text)
    OS_RdyListMoveHeadToTail                 0x08006bdb   Thumb Code    68  os_core.o(.text)
    OSSchedRoundRobinYield                   0x08006c1f   Thumb Code   164  os_core.o(.text)
    OSStart                                  0x08006cc3   Thumb Code    78  os_core.o(.text)
    OSVersion                                0x08006d11   Thumb Code    12  os_core.o(.text)
    OS_PendDbgNameAdd                        0x08006d1d   Thumb Code    66  os_core.o(.text)
    OS_PendListInsertPrio                    0x08006d5f   Thumb Code   102  os_core.o(.text)
    OS_PendDataInit                          0x08006dc5   Thumb Code    38  os_core.o(.text)
    OS_RdyListRemove                         0x08006deb   Thumb Code    86  os_core.o(.text)
    OS_TaskBlock                             0x08006e41   Thumb Code    56  os_core.o(.text)
    OS_Pend                                  0x08006e79   Thumb Code    98  os_core.o(.text)
    OS_PendListRemove1                       0x08006edb   Thumb Code   134  os_core.o(.text)
    OS_PendListRemove                        0x08006f61   Thumb Code    48  os_core.o(.text)
    OS_PendAbort1                            0x08006f91   Thumb Code    36  os_core.o(.text)
    OS_RdyListInsertHead                     0x08006fb5   Thumb Code    58  os_core.o(.text)
    OS_RdyListInsertTail                     0x08006fef   Thumb Code    56  os_core.o(.text)
    OS_RdyListInsert                         0x08007027   Thumb Code    40  os_core.o(.text)
    OS_TaskRdy                               0x0800704f   Thumb Code    28  os_core.o(.text)
    OS_PendAbort                             0x0800706b   Thumb Code   178  os_core.o(.text)
    OS_PendDbgNameRemove                     0x0800711d   Thumb Code    34  os_core.o(.text)
    OS_PendListChangePrio                    0x0800713f   Thumb Code    70  os_core.o(.text)
    OS_PendListInit                          0x08007185   Thumb Code    10  os_core.o(.text)
    OS_PendListInsertHead                    0x0800718f   Thumb Code    32  os_core.o(.text)
    OS_PendObjDel1                           0x080071af   Thumb Code    36  os_core.o(.text)
    OS_PendObjDel                            0x080071d3   Thumb Code   174  os_core.o(.text)
    OS_Post1                                 0x08007281   Thumb Code    42  os_core.o(.text)
    OS_Post                                  0x080072ab   Thumb Code   198  os_core.o(.text)
    OS_Sched0                                0x08007371   Thumb Code   100  os_core.o(.text)
    OS_SchedRoundRobin                       0x080073d5   Thumb Code   190  os_core.o(.text)
    OS_Dbg_Init                              0x080074a5   Thumb Code   146  os_dbg.o(.text)
    OS_FlagDbgListAdd                        0x08007655   Thumb Code    38  os_flag.o(.text)
    OSFlagCreate                             0x0800767b   Thumb Code   172  os_flag.o(.text)
    OS_FlagClr                               0x08007727   Thumb Code    28  os_flag.o(.text)
    OS_FlagDbgListRemove                     0x08007743   Thumb Code    44  os_flag.o(.text)
    OSFlagDel                                0x0800776f   Thumb Code   594  os_flag.o(.text)
    OS_FlagBlock                             0x080079c1   Thumb Code    58  os_flag.o(.text)
    OSFlagPend                               0x080079fb   Thumb Code  1492  os_flag.o(.text)
    OSFlagPendAbort                          0x08007fcf   Thumb Code   292  os_flag.o(.text)
    OSFlagPendGetFlagsRdy                    0x080080f3   Thumb Code    68  os_flag.o(.text)
    OS_FlagTaskRdy                           0x08008137   Thumb Code    92  os_flag.o(.text)
    OS_FlagPost                              0x08008193   Thumb Code   572  os_flag.o(.text)
    OSFlagPost                               0x080083cf   Thumb Code   146  os_flag.o(.text)
    OS_FlagInit                              0x08008461   Thumb Code    14  os_flag.o(.text)
    OS_IntQPost                              0x08008489   Thumb Code   216  os_int.o(.text)
    OS_IntQRePost                            0x08008561   Thumb Code   348  os_int.o(.text)
    OS_IntQTask                              0x080086bd   Thumb Code   162  os_int.o(.text)
    OS_IntQTaskInit                          0x0800875f   Thumb Code   208  os_int.o(.text)
    OS_MemDbgListAdd                         0x080088c1   Thumb Code    34  os_mem.o(.text)
    OSMemCreate                              0x080088e3   Thumb Code   288  os_mem.o(.text)
    OSMemGet                                 0x08008a03   Thumb Code   100  os_mem.o(.text)
    OSMemPut                                 0x08008a67   Thumb Code   112  os_mem.o(.text)
    OS_MemInit                               0x08008ad7   Thumb Code    14  os_mem.o(.text)
    OS_MsgPoolCreate                         0x08008af9   Thumb Code    54  os_msg.o(.text)
    OS_MsgPoolInit                           0x08008b2f   Thumb Code    70  os_msg.o(.text)
    OS_MsgQFreeAll                           0x08008b75   Thumb Code    62  os_msg.o(.text)
    OS_MsgQInit                              0x08008bb3   Thumb Code    14  os_msg.o(.text)
    OS_MsgQGet                               0x08008bc1   Thumb Code    98  os_msg.o(.text)
    OS_MsgQPut                               0x08008c23   Thumb Code   242  os_msg.o(.text)
    OS_MutexDbgListAdd                       0x08008d21   Thumb Code    38  os_mutex.o(.text)
    OSMutexCreate                            0x08008d47   Thumb Code   178  os_mutex.o(.text)
    OS_MutexClr                              0x08008df9   Thumb Code    38  os_mutex.o(.text)
    OS_MutexDbgListRemove                    0x08008e1f   Thumb Code    44  os_mutex.o(.text)
    OSMutexDel                               0x08008e4b   Thumb Code   842  os_mutex.o(.text)
    OSMutexPend                              0x08009195   Thumb Code   706  os_mutex.o(.text)
    OSMutexPendAbort                         0x08009457   Thumb Code   314  os_mutex.o(.text)
    OSMutexPost                              0x08009591   Thumb Code   564  os_mutex.o(.text)
    OS_MutexInit                             0x080097c5   Thumb Code    14  os_mutex.o(.text)
    OS_PrioInit                              0x080097f5   Thumb Code    20  os_prio.o(.text)
    OS_PrioGetHighest                        0x08009809   Thumb Code    36  os_prio.o(.text)
    OS_PrioInsert                            0x0800982d   Thumb Code    32  os_prio.o(.text)
    OS_PrioRemove                            0x0800984d   Thumb Code    32  os_prio.o(.text)
    OS_QDbgListAdd                           0x08009871   Thumb Code    38  os_q.o(.text)
    OSQCreate                                0x08009897   Thumb Code   186  os_q.o(.text)
    OS_QClr                                  0x08009951   Thumb Code    40  os_q.o(.text)
    OS_QDbgListRemove                        0x08009979   Thumb Code    44  os_q.o(.text)
    OSQDel                                   0x080099a5   Thumb Code   362  os_q.o(.text)
    OSQFlush                                 0x08009b0f   Thumb Code   210  os_q.o(.text)
    OSQPend                                  0x08009be1   Thumb Code   538  os_q.o(.text)
    OSQPendAbort                             0x08009dfb   Thumb Code   292  os_q.o(.text)
    OS_QPost                                 0x08009f1f   Thumb Code   322  os_q.o(.text)
    OSQPost                                  0x0800a061   Thumb Code   196  os_q.o(.text)
    OS_QInit                                 0x0800a125   Thumb Code    14  os_q.o(.text)
    OS_SemDbgListAdd                         0x0800a145   Thumb Code    38  os_sem.o(.text)
    OSSemCreate                              0x0800a16b   Thumb Code   172  os_sem.o(.text)
    OS_SemClr                                0x0800a217   Thumb Code    28  os_sem.o(.text)
    OS_SemDbgListRemove                      0x0800a233   Thumb Code    44  os_sem.o(.text)
    OSSemDel                                 0x0800a25f   Thumb Code   362  os_sem.o(.text)
    OSSemPend                                0x0800a3c9   Thumb Code   504  os_sem.o(.text)
    OSSemPendAbort                           0x0800a5c1   Thumb Code   292  os_sem.o(.text)
    OS_SemPost                               0x0800a6e5   Thumb Code   350  os_sem.o(.text)
    OSSemPost                                0x0800a843   Thumb Code   144  os_sem.o(.text)
    OSSemSet                                 0x0800a8d3   Thumb Code   138  os_sem.o(.text)
    OS_SemInit                               0x0800a95d   Thumb Code    14  os_sem.o(.text)
    OSStatReset                              0x0800a975   Thumb Code   276  os_stat.o(.text)
    OSStatTaskCPUUsageInit                   0x0800aa89   Thumb Code   212  os_stat.o(.text)
    OS_StatTask                              0x0800ab5d   Thumb Code   888  os_stat.o(.text)
    OS_StatTaskInit                          0x0800aed5   Thumb Code   138  os_stat.o(.text)
    OSTaskChangePrio                         0x0800afb5   Thumb Code   416  os_task.o(.text)
    OS_TaskDbgListAdd                        0x0800b155   Thumb Code    42  os_task.o(.text)
    OS_TaskInitTCB                           0x0800b17f   Thumb Code   194  os_task.o(.text)
    OSTaskCreate                             0x0800b241   Thumb Code   614  os_task.o(.text)
    OS_TaskDbgListRemove                     0x0800b4a7   Thumb Code    64  os_task.o(.text)
    OSTaskDel                                0x0800b4e7   Thumb Code   424  os_task.o(.text)
    OSTaskQFlush                             0x0800b68f   Thumb Code   214  os_task.o(.text)
    OSTaskQPend                              0x0800b765   Thumb Code   554  os_task.o(.text)
    OSTaskQPendAbort                         0x0800b98f   Thumb Code   242  os_task.o(.text)
    OS_TaskQPost                             0x0800ba81   Thumb Code   526  os_task.o(.text)
    OSTaskQPost                              0x0800bc8f   Thumb Code   114  os_task.o(.text)
    OSTaskRegGet                             0x0800bd01   Thumb Code    78  os_task.o(.text)
    OSTaskRegGetID                           0x0800bd4f   Thumb Code    84  os_task.o(.text)
    OSTaskRegSet                             0x0800bda3   Thumb Code    78  os_task.o(.text)
    OS_TaskResume                            0x0800bdf1   Thumb Code   314  os_task.o(.text)
    OSTaskResume                             0x0800bf2b   Thumb Code   112  os_task.o(.text)
    OSTaskSemPend                            0x0800bf9b   Thumb Code   550  os_task.o(.text)
    OSTaskSemPendAbort                       0x0800c1c1   Thumb Code   270  os_task.o(.text)
    OS_TaskSemPost                           0x0800c2cf   Thumb Code  1216  os_task.o(.text)
    OSTaskSemPost                            0x0800c78f   Thumb Code    98  os_task.o(.text)
    OSTaskSemSet                             0x0800c7f1   Thumb Code   100  os_task.o(.text)
    OSTaskStkChk                             0x0800c855   Thumb Code   204  os_task.o(.text)
    OS_TaskSuspend                           0x0800c921   Thumb Code   328  os_task.o(.text)
    OSTaskSuspend                            0x0800ca69   Thumb Code    78  os_task.o(.text)
    OSTaskTimeQuantaSet                      0x0800cab7   Thumb Code    96  os_task.o(.text)
    OS_TaskInit                              0x0800cb17   Thumb Code    18  os_task.o(.text)
    OS_TaskReturn                            0x0800cb29   Thumb Code    20  os_task.o(.text)
    OS_TickListRemove                        0x0800cb65   Thumb Code    56  os_tick.o(.text)
    OS_TickListUpdate                        0x0800cb9d   Thumb Code   492  os_tick.o(.text)
    OS_TickTask                              0x0800cd89   Thumb Code    38  os_tick.o(.text)
    OS_TickListInit                          0x0800cdaf   Thumb Code    32  os_tick.o(.text)
    OS_TickTaskInit                          0x0800cdcf   Thumb Code   130  os_tick.o(.text)
    OS_TickListInsert                        0x0800ce51   Thumb Code   502  os_tick.o(.text)
    OS_TickListResetPeak                     0x0800d047   Thumb Code    28  os_tick.o(.text)
    OSTimeDly                                0x0800d06d   Thumb Code   266  os_time.o(.text)
    OSTimeDlyHMSM                            0x0800d177   Thumb Code   480  os_time.o(.text)
    OSTimeDlyResume                          0x0800d357   Thumb Code   466  os_time.o(.text)
    OSTimeGet                                0x0800d529   Thumb Code    46  os_time.o(.text)
    OSTimeSet                                0x0800d557   Thumb Code    46  os_time.o(.text)
    OSTimeTick                               0x0800d585   Thumb Code    54  os_time.o(.text)
    OS_TmrDbgListAdd                         0x0800d5d1   Thumb Code    34  os_tmr.o(.text)
    OSTmrCreate                              0x0800d5f3   Thumb Code   248  os_tmr.o(.text)
    OS_TmrClr                                0x0800d6eb   Thumb Code    36  os_tmr.o(.text)
    OS_TmrUnlink                             0x0800d70f   Thumb Code    72  os_tmr.o(.text)
    OS_TmrDbgListRemove                      0x0800d757   Thumb Code    44  os_tmr.o(.text)
    OSTmrDel                                 0x0800d783   Thumb Code   176  os_tmr.o(.text)
    OSTmrRemainGet                           0x0800d833   Thumb Code   184  os_tmr.o(.text)
    OS_TmrLink                               0x0800d8eb   Thumb Code   196  os_tmr.o(.text)
    OSTmrStart                               0x0800d9af   Thumb Code   210  os_tmr.o(.text)
    OSTmrStateGet                            0x0800da81   Thumb Code   134  os_tmr.o(.text)
    OSTmrStop                                0x0800db07   Thumb Code   232  os_tmr.o(.text)
    OS_TmrTask                               0x0800dbef   Thumb Code   176  os_tmr.o(.text)
    OS_TmrInit                               0x0800dc9f   Thumb Code   208  os_tmr.o(.text)
    OS_TmrResetPeak                          0x0800dd6f   Thumb Code    28  os_tmr.o(.text)
    OSIdleTaskHook                           0x0800dde9   Thumb Code    16  os_cpu_c.o(.text)
    OSInitHook                               0x0800ddf9   Thumb Code    42  os_cpu_c.o(.text)
    OSStatTaskHook                           0x0800de23   Thumb Code    16  os_cpu_c.o(.text)
    OSTaskCreateHook                         0x0800de33   Thumb Code    20  os_cpu_c.o(.text)
    OSTaskDelHook                            0x0800de47   Thumb Code    20  os_cpu_c.o(.text)
    OSTaskReturnHook                         0x0800de5b   Thumb Code    20  os_cpu_c.o(.text)
    OSTaskStkInit                            0x0800de6f   Thumb Code   188  os_cpu_c.o(.text)
    OSTaskSwHook                             0x0800df2b   Thumb Code   120  os_cpu_c.o(.text)
    OSTimeTickHook                           0x0800dfa3   Thumb Code    16  os_cpu_c.o(.text)
    OS_CPU_SysTickHandler                    0x0800dfb3   Thumb Code    52  os_cpu_c.o(.text)
    OS_CPU_SysTickInit                       0x0800dfe7   Thumb Code    44  os_cpu_c.o(.text)
    __use_no_semihosting                     0x0800e055   Thumb Code     2  use_no_semi_2.o(.text)
    __aeabi_uldivmod                         0x0800e057   Thumb Code     0  lludivv7m.o(.text)
    _ll_udiv                                 0x0800e057   Thumb Code   238  lludivv7m.o(.text)
    __aeabi_memclr4                          0x0800e145   Thumb Code     0  rt_memclr_w.o(.text)
    __aeabi_memclr8                          0x0800e145   Thumb Code     0  rt_memclr_w.o(.text)
    __rt_memclr_w                            0x0800e145   Thumb Code    78  rt_memclr_w.o(.text)
    _memset_w                                0x0800e149   Thumb Code     0  rt_memclr_w.o(.text)
    __use_two_region_memory                  0x0800e193   Thumb Code     2  heapauxi.o(.text)
    __rt_heap_escrow$2region                 0x0800e195   Thumb Code     2  heapauxi.o(.text)
    __rt_heap_expand$2region                 0x0800e197   Thumb Code     2  heapauxi.o(.text)
    __I$use$semihosting                      0x0800e199   Thumb Code     0  use_no_semi.o(.text)
    __use_no_semihosting_swi                 0x0800e199   Thumb Code     2  use_no_semi.o(.text)
    __user_setup_stackheap                   0x0800e19b   Thumb Code    74  sys_stackheap_outer.o(.text)
    exit                                     0x0800e1e5   Thumb Code    12  exit.o(.text)
    __user_libspace                          0x0800e1f1   Thumb Code     8  libspace.o(.text)
    __user_perproc_libspace                  0x0800e1f1   Thumb Code     0  libspace.o(.text)
    __user_perthread_libspace                0x0800e1f1   Thumb Code     0  libspace.o(.text)
    OSStartHighRdy                           0x0800e1f9   Thumb Code     0  os_cpu_a.o(CODE)
    PendSV_Handler                           0x0800e22f   Thumb Code     0  os_cpu_a.o(CODE)
    __fpl_fcmp_Inf                           0x0800e291   Thumb Code    24  fcmpi.o(x$fpl$fcmpinf)
    __aeabi_cfcmpeq                          0x0800e2a9   Thumb Code     0  feqf.o(x$fpl$feqf)
    _fcmpeq                                  0x0800e2a9   Thumb Code   104  feqf.o(x$fpl$feqf)
    __aeabi_f2uiz                            0x0800e311   Thumb Code     0  ffixu.o(x$fpl$ffixu)
    _ffixu                                   0x0800e311   Thumb Code    62  ffixu.o(x$fpl$ffixu)
    __aeabi_ui2f                             0x0800e351   Thumb Code     0  fflt_clz.o(x$fpl$ffltu)
    _ffltu                                   0x0800e351   Thumb Code    38  fflt_clz.o(x$fpl$ffltu)
    __fpl_fnaninf                            0x0800e377   Thumb Code   140  fnaninf.o(x$fpl$fnaninf)
    __I$use$fp                               0x0800e402   Number         0  usenofp.o(x$fpl$usenofp)
    auchCRCHi                                0x0800e402   Data         256  crc16.o(.constdata)
    auchCRCLo                                0x0800e502   Data         256  crc16.o(.constdata)
    CPU_EndiannessTest                       0x0800e704   Data           4  cpu_core.o(.constdata)
    OSCfg_IdleTaskStkBasePtr                 0x0800e79c   Data           4  os_cfg_app.o(.constdata)
    OSCfg_IdleTaskStkLimit                   0x0800e7a0   Data           4  os_cfg_app.o(.constdata)
    OSCfg_IdleTaskStkSize                    0x0800e7a4   Data           4  os_cfg_app.o(.constdata)
    OSCfg_IdleTaskStkSizeRAM                 0x0800e7a8   Data           4  os_cfg_app.o(.constdata)
    OSCfg_IntQBasePtr                        0x0800e7ac   Data           4  os_cfg_app.o(.constdata)
    OSCfg_IntQSize                           0x0800e7b0   Data           2  os_cfg_app.o(.constdata)
    OSCfg_IntQSizeRAM                        0x0800e7b4   Data           4  os_cfg_app.o(.constdata)
    OSCfg_IntQTaskStkBasePtr                 0x0800e7b8   Data           4  os_cfg_app.o(.constdata)
    OSCfg_IntQTaskStkLimit                   0x0800e7bc   Data           4  os_cfg_app.o(.constdata)
    OSCfg_IntQTaskStkSize                    0x0800e7c0   Data           4  os_cfg_app.o(.constdata)
    OSCfg_IntQTaskStkSizeRAM                 0x0800e7c4   Data           4  os_cfg_app.o(.constdata)
    OSCfg_ISRStkBasePtr                      0x0800e7c8   Data           4  os_cfg_app.o(.constdata)
    OSCfg_ISRStkSize                         0x0800e7cc   Data           4  os_cfg_app.o(.constdata)
    OSCfg_ISRStkSizeRAM                      0x0800e7d0   Data           4  os_cfg_app.o(.constdata)
    OSCfg_MsgPoolSize                        0x0800e7d4   Data           2  os_cfg_app.o(.constdata)
    OSCfg_MsgPoolSizeRAM                     0x0800e7d8   Data           4  os_cfg_app.o(.constdata)
    OSCfg_MsgPoolBasePtr                     0x0800e7dc   Data           4  os_cfg_app.o(.constdata)
    OSCfg_StatTaskPrio                       0x0800e7e0   Data           1  os_cfg_app.o(.constdata)
    OSCfg_StatTaskRate_Hz                    0x0800e7e4   Data           4  os_cfg_app.o(.constdata)
    OSCfg_StatTaskStkBasePtr                 0x0800e7e8   Data           4  os_cfg_app.o(.constdata)
    OSCfg_StatTaskStkLimit                   0x0800e7ec   Data           4  os_cfg_app.o(.constdata)
    OSCfg_StatTaskStkSize                    0x0800e7f0   Data           4  os_cfg_app.o(.constdata)
    OSCfg_StatTaskStkSizeRAM                 0x0800e7f4   Data           4  os_cfg_app.o(.constdata)
    OSCfg_StkSizeMin                         0x0800e7f8   Data           4  os_cfg_app.o(.constdata)
    OSCfg_TickRate_Hz                        0x0800e7fc   Data           4  os_cfg_app.o(.constdata)
    OSCfg_TickTaskPrio                       0x0800e800   Data           1  os_cfg_app.o(.constdata)
    OSCfg_TickTaskStkBasePtr                 0x0800e804   Data           4  os_cfg_app.o(.constdata)
    OSCfg_TickTaskStkLimit                   0x0800e808   Data           4  os_cfg_app.o(.constdata)
    OSCfg_TickTaskStkSize                    0x0800e80c   Data           4  os_cfg_app.o(.constdata)
    OSCfg_TickTaskStkSizeRAM                 0x0800e810   Data           4  os_cfg_app.o(.constdata)
    OSCfg_TickWheelSize                      0x0800e814   Data           2  os_cfg_app.o(.constdata)
    OSCfg_TickWheelSizeRAM                   0x0800e818   Data           4  os_cfg_app.o(.constdata)
    OSCfg_TmrTaskPrio                        0x0800e81c   Data           1  os_cfg_app.o(.constdata)
    OSCfg_TmrTaskRate_Hz                     0x0800e820   Data           4  os_cfg_app.o(.constdata)
    OSCfg_TmrTaskStkBasePtr                  0x0800e824   Data           4  os_cfg_app.o(.constdata)
    OSCfg_TmrTaskStkLimit                    0x0800e828   Data           4  os_cfg_app.o(.constdata)
    OSCfg_TmrTaskStkSize                     0x0800e82c   Data           4  os_cfg_app.o(.constdata)
    OSCfg_TmrTaskStkSizeRAM                  0x0800e830   Data           4  os_cfg_app.o(.constdata)
    OSCfg_TmrWheelSize                       0x0800e834   Data           2  os_cfg_app.o(.constdata)
    OSCfg_TmrWheelSizeRAM                    0x0800e838   Data           4  os_cfg_app.o(.constdata)
    OSCfg_DataSizeRAM                        0x0800e83c   Data           4  os_cfg_app.o(.constdata)
    OSDbg_DbgEn                              0x0800e840   Data           2  os_dbg.o(.constdata)
    OSDbg_ArgChkEn                           0x0800e842   Data           1  os_dbg.o(.constdata)
    OSDbg_AppHooksEn                         0x0800e843   Data           1  os_dbg.o(.constdata)
    OSDbg_EndiannessTest                     0x0800e844   Data           4  os_dbg.o(.constdata)
    OSDbg_CalledFromISRChkEn                 0x0800e848   Data           1  os_dbg.o(.constdata)
    OSDbg_FlagEn                             0x0800e849   Data           1  os_dbg.o(.constdata)
    OSDbg_FlagGrp                            0x0800e84c   Data          40  os_dbg.o(.constdata)
    OSDbg_FlagDelEn                          0x0800e874   Data           1  os_dbg.o(.constdata)
    OSDbg_FlagModeClrEn                      0x0800e875   Data           1  os_dbg.o(.constdata)
    OSDbg_FlagPendAbortEn                    0x0800e876   Data           1  os_dbg.o(.constdata)
    OSDbg_FlagGrpSize                        0x0800e878   Data           2  os_dbg.o(.constdata)
    OSDbg_FlagWidth                          0x0800e87a   Data           2  os_dbg.o(.constdata)
    OSDbg_IntQ                               0x0800e87c   Data           2  os_dbg.o(.constdata)
    OSDbg_ISRPostDeferredEn                  0x0800e87e   Data           1  os_dbg.o(.constdata)
    OSDbg_Mem                                0x0800e880   Data          32  os_dbg.o(.constdata)
    OSDbg_MemEn                              0x0800e8a0   Data           1  os_dbg.o(.constdata)
    OSDbg_MemSize                            0x0800e8a2   Data           2  os_dbg.o(.constdata)
    OSDbg_MsgEn                              0x0800e8a4   Data           1  os_dbg.o(.constdata)
    OSDbg_MsgSize                            0x0800e8a6   Data           2  os_dbg.o(.constdata)
    OSDbg_MsgPoolSize                        0x0800e8a8   Data           2  os_dbg.o(.constdata)
    OSDbg_MsgQSize                           0x0800e8aa   Data           2  os_dbg.o(.constdata)
    OSDbg_Mutex                              0x0800e8ac   Data          44  os_dbg.o(.constdata)
    OSDbg_MutexEn                            0x0800e8d8   Data           1  os_dbg.o(.constdata)
    OSDbg_MutexDelEn                         0x0800e8d9   Data           1  os_dbg.o(.constdata)
    OSDbg_MutexPendAbortEn                   0x0800e8da   Data           1  os_dbg.o(.constdata)
    OSDbg_MutexSize                          0x0800e8dc   Data           2  os_dbg.o(.constdata)
    OSDbg_ObjTypeChkEn                       0x0800e8de   Data           1  os_dbg.o(.constdata)
    OSDbg_PendMultiEn                        0x0800e8df   Data           1  os_dbg.o(.constdata)
    OSDbg_PendDataSize                       0x0800e8e0   Data           2  os_dbg.o(.constdata)
    OSDbg_PendListSize                       0x0800e8e2   Data           2  os_dbg.o(.constdata)
    OSDbg_PendObjSize                        0x0800e8e4   Data           2  os_dbg.o(.constdata)
    OSDbg_PrioMax                            0x0800e8e6   Data           2  os_dbg.o(.constdata)
    OSDbg_PrioTblSize                        0x0800e8e8   Data           2  os_dbg.o(.constdata)
    OSDbg_PtrSize                            0x0800e8ea   Data           2  os_dbg.o(.constdata)
    OSDbg_Q                                  0x0800e8ec   Data          48  os_dbg.o(.constdata)
    OSDbg_QEn                                0x0800e91c   Data           1  os_dbg.o(.constdata)
    OSDbg_QDelEn                             0x0800e91d   Data           1  os_dbg.o(.constdata)
    OSDbg_QFlushEn                           0x0800e91e   Data           1  os_dbg.o(.constdata)
    OSDbg_QPendAbortEn                       0x0800e91f   Data           1  os_dbg.o(.constdata)
    OSDbg_QSize                              0x0800e920   Data           2  os_dbg.o(.constdata)
    OSDbg_SchedRoundRobinEn                  0x0800e922   Data           1  os_dbg.o(.constdata)
    OSDbg_Sem                                0x0800e924   Data          40  os_dbg.o(.constdata)
    OSDbg_SemEn                              0x0800e94c   Data           1  os_dbg.o(.constdata)
    OSDbg_SemDelEn                           0x0800e94d   Data           1  os_dbg.o(.constdata)
    OSDbg_SemPendAbortEn                     0x0800e94e   Data           1  os_dbg.o(.constdata)
    OSDbg_SemSetEn                           0x0800e94f   Data           1  os_dbg.o(.constdata)
    OSDbg_SemSize                            0x0800e950   Data           2  os_dbg.o(.constdata)
    OSDbg_RdyList                            0x0800e952   Data           2  os_dbg.o(.constdata)
    OSDbg_RdyListSize                        0x0800e954   Data           4  os_dbg.o(.constdata)
    OSDbg_StkWidth                           0x0800e958   Data           1  os_dbg.o(.constdata)
    OSDbg_StatTaskEn                         0x0800e959   Data           1  os_dbg.o(.constdata)
    OSDbg_StatTaskStkChkEn                   0x0800e95a   Data           1  os_dbg.o(.constdata)
    OSDbg_TaskChangePrioEn                   0x0800e95b   Data           1  os_dbg.o(.constdata)
    OSDbg_TaskDelEn                          0x0800e95c   Data           1  os_dbg.o(.constdata)
    OSDbg_TaskQEn                            0x0800e95d   Data           1  os_dbg.o(.constdata)
    OSDbg_TaskQPendAbortEn                   0x0800e95e   Data           1  os_dbg.o(.constdata)
    OSDbg_TaskProfileEn                      0x0800e95f   Data           1  os_dbg.o(.constdata)
    OSDbg_TaskRegTblSize                     0x0800e960   Data           2  os_dbg.o(.constdata)
    OSDbg_TaskSemPendAbortEn                 0x0800e962   Data           1  os_dbg.o(.constdata)
    OSDbg_TaskSuspendEn                      0x0800e963   Data           1  os_dbg.o(.constdata)
    OSDbg_TCBSize                            0x0800e964   Data           2  os_dbg.o(.constdata)
    OSDbg_TickSpokeSize                      0x0800e966   Data           2  os_dbg.o(.constdata)
    OSDbg_TimeDlyHMSMEn                      0x0800e968   Data           1  os_dbg.o(.constdata)
    OSDbg_TimeDlyResumeEn                    0x0800e969   Data           1  os_dbg.o(.constdata)
    OSDbg_TLS_TblSize                        0x0800e96a   Data           2  os_dbg.o(.constdata)
    OSDbg_Tmr                                0x0800e96c   Data          52  os_dbg.o(.constdata)
    OSDbg_TmrEn                              0x0800e9a0   Data           1  os_dbg.o(.constdata)
    OSDbg_TmrDelEn                           0x0800e9a1   Data           1  os_dbg.o(.constdata)
    OSDbg_TmrSize                            0x0800e9a2   Data           2  os_dbg.o(.constdata)
    OSDbg_TmrSpokeSize                       0x0800e9a4   Data           2  os_dbg.o(.constdata)
    OSDbg_VersionNbr                         0x0800e9a6   Data           2  os_dbg.o(.constdata)
    OSDbg_DataSize                           0x0800e9a8   Data           4  os_dbg.o(.constdata)
    Region$$Table$$Base                      0x0800e9ac   Number         0  anon$$obj.o(Region$$Table)
    Region$$Table$$Limit                     0x0800e9cc   Number         0  anon$$obj.o(Region$$Table)
    Start_Off_Flag                           0x20000000   Data           1  main.o(.data)
    Sec_count                                0x20000001   Data           1  main.o(.data)
    Sys_Status                               0x20000002   Data           2  main.o(.data)
    SystemCoreClock                          0x20000004   Data           4  system_stm32f10x.o(.data)
    AHBPrescTable                            0x20000008   Data          16  system_stm32f10x.o(.data)
    CRCHigh                                  0x20000018   Data           1  crc16.o(.data)
    CRCLow                                   0x20000019   Data           1  crc16.o(.data)
    Sum_High                                 0x2000001a   Data           1  crc16.o(.data)
    Sum_Low                                  0x2000001b   Data           1  crc16.o(.data)
    AQMD3610_FLOW                            0x20000020   Data           2  usart.o(.data)
    FtoHex                                   0x20000024   Data           4  usart.o(.data)
    __stdout                                 0x20000028   Data           4  usart.o(.data)
    CPU_TS_TmrFreq_Hz                        0x20000040   Data           4  cpu_core.o(.data)
    Mem_PoolTbl                              0x20000044   Data           4  lib_mem.o(.data)
    OSPrioTbl                                0x20000048   Data           8  os_prio.o(.data)
    OS_AppTaskCreateHookPtr                  0x20000050   Data           4  os_var.o(.data)
    OS_AppTaskDelHookPtr                     0x20000054   Data           4  os_var.o(.data)
    OS_AppTaskReturnHookPtr                  0x20000058   Data           4  os_var.o(.data)
    OS_AppIdleTaskHookPtr                    0x2000005c   Data           4  os_var.o(.data)
    OS_AppStatTaskHookPtr                    0x20000060   Data           4  os_var.o(.data)
    OS_AppTaskSwHookPtr                      0x20000064   Data           4  os_var.o(.data)
    OS_AppTimeTickHookPtr                    0x20000068   Data           4  os_var.o(.data)
    OSIdleTaskCtr                            0x2000006c   Data           4  os_var.o(.data)
    OSIntNestingCtr                          0x20000070   Data           1  os_var.o(.data)
    OSRunning                                0x20000071   Data           1  os_var.o(.data)
    OSIntQInPtr                              0x20000074   Data           4  os_var.o(.data)
    OSIntQOutPtr                             0x20000078   Data           4  os_var.o(.data)
    OSIntQNbrEntries                         0x2000007c   Data           2  os_var.o(.data)
    OSIntQNbrEntriesMax                      0x2000007e   Data           2  os_var.o(.data)
    OSIntQOvfCtr                             0x20000080   Data           2  os_var.o(.data)
    OSIntQTaskTimeMax                        0x20000084   Data           4  os_var.o(.data)
    OSFlagDbgListPtr                         0x20000088   Data           4  os_var.o(.data)
    OSFlagQty                                0x2000008c   Data           2  os_var.o(.data)
    OSMemDbgListPtr                          0x20000090   Data           4  os_var.o(.data)
    OSMemQty                                 0x20000094   Data           2  os_var.o(.data)
    OSMutexDbgListPtr                        0x20000098   Data           4  os_var.o(.data)
    OSMutexQty                               0x2000009c   Data           2  os_var.o(.data)
    OSPrioCur                                0x2000009e   Data           1  os_var.o(.data)
    OSPrioHighRdy                            0x2000009f   Data           1  os_var.o(.data)
    OSPrioSaved                              0x200000a0   Data           1  os_var.o(.data)
    OSQDbgListPtr                            0x200000a4   Data           4  os_var.o(.data)
    OSQQty                                   0x200000a8   Data           2  os_var.o(.data)
    OSSchedLockTimeBegin                     0x200000ac   Data           4  os_var.o(.data)
    OSSchedLockTimeMax                       0x200000b0   Data           4  os_var.o(.data)
    OSSchedLockTimeMaxCur                    0x200000b4   Data           4  os_var.o(.data)
    OSSchedLockNestingCtr                    0x200000b8   Data           1  os_var.o(.data)
    OSSchedRoundRobinDfltTimeQuanta          0x200000bc   Data           4  os_var.o(.data)
    OSSchedRoundRobinEn                      0x200000c0   Data           1  os_var.o(.data)
    OSSemDbgListPtr                          0x200000c4   Data           4  os_var.o(.data)
    OSSemQty                                 0x200000c8   Data           2  os_var.o(.data)
    OSStatResetFlag                          0x200000ca   Data           1  os_var.o(.data)
    OSStatTaskCPUUsage                       0x200000cc   Data           2  os_var.o(.data)
    OSStatTaskCPUUsageMax                    0x200000ce   Data           2  os_var.o(.data)
    OSStatTaskCtr                            0x200000d0   Data           4  os_var.o(.data)
    OSStatTaskCtrMax                         0x200000d4   Data           4  os_var.o(.data)
    OSStatTaskCtrRun                         0x200000d8   Data           4  os_var.o(.data)
    OSStatTaskRdy                            0x200000dc   Data           1  os_var.o(.data)
    OSStatTaskTimeMax                        0x200000e0   Data           4  os_var.o(.data)
    OSTaskCtxSwCtr                           0x200000e4   Data           4  os_var.o(.data)
    OSTaskDbgListPtr                         0x200000e8   Data           4  os_var.o(.data)
    OSTaskQty                                0x200000ec   Data           2  os_var.o(.data)
    OSTaskRegNextAvailID                     0x200000ee   Data           1  os_var.o(.data)
    OSTickCtr                                0x200000f0   Data           4  os_var.o(.data)
    OSTickTaskTimeMax                        0x200000f4   Data           4  os_var.o(.data)
    OSTmrDbgListPtr                          0x200000f8   Data           4  os_var.o(.data)
    OSTmrQty                                 0x200000fc   Data           2  os_var.o(.data)
    OSTmrTaskTimeMax                         0x20000100   Data           4  os_var.o(.data)
    OSTmrTickCtr                             0x20000104   Data           4  os_var.o(.data)
    OSTmrUpdateCnt                           0x20000108   Data           4  os_var.o(.data)
    OSTmrUpdateCtr                           0x2000010c   Data           4  os_var.o(.data)
    OSTCBCurPtr                              0x20000110   Data           4  os_var.o(.data)
    OSTCBHighRdyPtr                          0x20000114   Data           4  os_var.o(.data)
    OS_CPU_ExceptStkBase                     0x20000118   Data           4  os_cpu_c.o(.data)
    StartTaskTCB                             0x20000120   Data         196  main.o(.bss)
    START_TASK_STK                           0x200001e4   Data        1024  main.o(.bss)
    UartSenddataTaskTCB                      0x200005e4   Data         196  main.o(.bss)
    UARTSenddata_TASK_STK                    0x200006a8   Data        1024  main.o(.bss)
    UartRecdataTaskTCB                       0x20000aa8   Data         196  main.o(.bss)
    UARTRecdata_TASK_STK                     0x20000b70   Data        1024  main.o(.bss)
    Led0TaskTCB                              0x20000f70   Data         196  main.o(.bss)
    LED0_TASK_STK                            0x20001034   Data        1024  main.o(.bss)
    tmr1                                     0x20001434   Data          52  main.o(.bss)
    tmr2                                     0x20001468   Data          52  main.o(.bss)
    tmr3                                     0x2000149c   Data          52  main.o(.bss)
    tmr4                                     0x200014d0   Data          52  main.o(.bss)
    tmr5                                     0x20001504   Data          52  main.o(.bss)
    U1DS                                     0x20001538   Data          24  usart.o(.bss)
    U2DS                                     0x20001550   Data          24  usart.o(.bss)
    U5DS                                     0x20001568   Data          24  usart.o(.bss)
    AllBuf                                   0x20001580   Data         450  usart.o(.bss)
    Sensors                                  0x20001742   Data          22  usart.o(.bss)
    Run_Setting                              0x20001758   Data          10  usart.o(.bss)
    Disinfect                                0x20001762   Data          10  usart.o(.bss)
    CPU_Name                                 0x2000176c   Data          16  cpu_core.o(.bss)
    Mem_PoolHeap                             0x2000177c   Data          72  lib_mem.o(.bss)
    Mem_Heap                                 0x200017c4   Data        1024  lib_mem.o(.bss)
    OSCfg_IdleTaskStk                        0x20001bc4   Data         512  os_cfg_app.o(.bss)
    OSCfg_IntQ                               0x20001dc4   Data         320  os_cfg_app.o(.bss)
    OSCfg_IntQTaskStk                        0x20001f04   Data         512  os_cfg_app.o(.bss)
    OSCfg_ISRStk                             0x20002104   Data         512  os_cfg_app.o(.bss)
    OSCfg_MsgPool                            0x20002304   Data        1600  os_cfg_app.o(.bss)
    OSCfg_StatTaskStk                        0x20002944   Data         512  os_cfg_app.o(.bss)
    OSCfg_TickTaskStk                        0x20002b44   Data         512  os_cfg_app.o(.bss)
    OSCfg_TickWheel                          0x20002d44   Data         136  os_cfg_app.o(.bss)
    OSCfg_TmrTaskStk                         0x20002dcc   Data         512  os_cfg_app.o(.bss)
    OSCfg_TmrWheel                           0x20002fcc   Data         136  os_cfg_app.o(.bss)
    OSIdleTaskTCB                            0x20003054   Data         196  os_var.o(.bss)
    OSIntQTaskTCB                            0x20003118   Data         196  os_var.o(.bss)
    OSMsgPool                                0x200031dc   Data          12  os_var.o(.bss)
    OSRdyList                                0x200031e8   Data         768  os_var.o(.bss)
    OSStatTaskTCB                            0x200034e8   Data         196  os_var.o(.bss)
    OSTickTaskTCB                            0x200035ac   Data         196  os_var.o(.bss)
    OSTmrTaskTCB                             0x20003670   Data         196  os_var.o(.bss)
    __libspace_start                         0x20003734   Data          96  libspace.o(.bss)
    __temporary_stack_top$libspace           0x20003794   Data           0  libspace.o(.bss)



==============================================================================

Memory Map of the image

  Image Entry point : 0x08000131

  Load Region LR_IROM1 (Base: 0x08000000, Size: 0x0000eae8, Max: 0x00080000, ABSOLUTE)

    Execution Region ER_IROM1 (Base: 0x08000000, Size: 0x0000e9cc, Max: 0x00080000, ABSOLUTE)

    Base Addr    Size         Type   Attr      Idx    E Section Name        Object

    0x08000000   0x00000130   Data   RO          350    RESET               startup_stm32f10x_hd.o
    0x08000130   0x00000008   Code   RO          824  * !!!main             c_w.l(__main.o)
    0x08000138   0x00000034   Code   RO         1003    !!!scatter          c_w.l(__scatter.o)
    0x0800016c   0x0000001a   Code   RO         1005    !!handler_copy      c_w.l(__scatter_copy.o)
    0x08000186   0x00000002   PAD
    0x08000188   0x0000001c   Code   RO         1007    !!handler_zi        c_w.l(__scatter_zi.o)
    0x080001a4   0x00000002   Code   RO          880    .ARM.Collect$$libinit$$00000000  c_w.l(libinit.o)
    0x080001a6   0x00000000   Code   RO          893    .ARM.Collect$$libinit$$00000002  c_w.l(libinit2.o)
    0x080001a6   0x00000000   Code   RO          896    .ARM.Collect$$libinit$$00000008  c_w.l(libinit2.o)
    0x080001a6   0x00000000   Code   RO          898    .ARM.Collect$$libinit$$0000000A  c_w.l(libinit2.o)
    0x080001a6   0x00000000   Code   RO          900    .ARM.Collect$$libinit$$0000000C  c_w.l(libinit2.o)
    0x080001a6   0x00000000   Code   RO          903    .ARM.Collect$$libinit$$0000000F  c_w.l(libinit2.o)
    0x080001a6   0x00000000   Code   RO          905    .ARM.Collect$$libinit$$00000011  c_w.l(libinit2.o)
    0x080001a6   0x00000000   Code   RO          907    .ARM.Collect$$libinit$$00000013  c_w.l(libinit2.o)
    0x080001a6   0x00000000   Code   RO          909    .ARM.Collect$$libinit$$00000015  c_w.l(libinit2.o)
    0x080001a6   0x00000000   Code   RO          911    .ARM.Collect$$libinit$$00000017  c_w.l(libinit2.o)
    0x080001a6   0x00000000   Code   RO          913    .ARM.Collect$$libinit$$00000019  c_w.l(libinit2.o)
    0x080001a6   0x00000000   Code   RO          915    .ARM.Collect$$libinit$$0000001B  c_w.l(libinit2.o)
    0x080001a6   0x00000000   Code   RO          917    .ARM.Collect$$libinit$$0000001D  c_w.l(libinit2.o)
    0x080001a6   0x00000000   Code   RO          919    .ARM.Collect$$libinit$$0000001F  c_w.l(libinit2.o)
    0x080001a6   0x00000000   Code   RO          921    .ARM.Collect$$libinit$$00000021  c_w.l(libinit2.o)
    0x080001a6   0x00000000   Code   RO          923    .ARM.Collect$$libinit$$00000023  c_w.l(libinit2.o)
    0x080001a6   0x00000000   Code   RO          927    .ARM.Collect$$libinit$$0000002A  c_w.l(libinit2.o)
    0x080001a6   0x00000000   Code   RO          929    .ARM.Collect$$libinit$$0000002C  c_w.l(libinit2.o)
    0x080001a6   0x00000000   Code   RO          931    .ARM.Collect$$libinit$$0000002E  c_w.l(libinit2.o)
    0x080001a6   0x00000000   Code   RO          933    .ARM.Collect$$libinit$$00000030  c_w.l(libinit2.o)
    0x080001a6   0x00000002   Code   RO          934    .ARM.Collect$$libinit$$00000031  c_w.l(libinit2.o)
    0x080001a8   0x00000002   Code   RO          960    .ARM.Collect$$libshutdown$$00000000  c_w.l(libshutdown.o)
    0x080001aa   0x00000000   Code   RO          988    .ARM.Collect$$libshutdown$$00000003  c_w.l(libshutdown2.o)
    0x080001aa   0x00000000   Code   RO          991    .ARM.Collect$$libshutdown$$00000006  c_w.l(libshutdown2.o)
    0x080001aa   0x00000000   Code   RO          994    .ARM.Collect$$libshutdown$$00000009  c_w.l(libshutdown2.o)
    0x080001aa   0x00000000   Code   RO          996    .ARM.Collect$$libshutdown$$0000000B  c_w.l(libshutdown2.o)
    0x080001aa   0x00000000   Code   RO          999    .ARM.Collect$$libshutdown$$0000000E  c_w.l(libshutdown2.o)
    0x080001aa   0x00000002   Code   RO         1000    .ARM.Collect$$libshutdown$$0000000F  c_w.l(libshutdown2.o)
    0x080001ac   0x00000000   Code   RO          840    .ARM.Collect$$rtentry$$00000000  c_w.l(rtentry.o)
    0x080001ac   0x00000000   Code   RO          851    .ARM.Collect$$rtentry$$00000002  c_w.l(rtentry2.o)
    0x080001ac   0x00000006   Code   RO          863    .ARM.Collect$$rtentry$$00000004  c_w.l(rtentry4.o)
    0x080001b2   0x00000000   Code   RO          853    .ARM.Collect$$rtentry$$00000009  c_w.l(rtentry2.o)
    0x080001b2   0x00000004   Code   RO          854    .ARM.Collect$$rtentry$$0000000A  c_w.l(rtentry2.o)
    0x080001b6   0x00000000   Code   RO          856    .ARM.Collect$$rtentry$$0000000C  c_w.l(rtentry2.o)
    0x080001b6   0x00000008   Code   RO          857    .ARM.Collect$$rtentry$$0000000D  c_w.l(rtentry2.o)
    0x080001be   0x00000002   Code   RO          884    .ARM.Collect$$rtexit$$00000000  c_w.l(rtexit.o)
    0x080001c0   0x00000000   Code   RO          936    .ARM.Collect$$rtexit$$00000002  c_w.l(rtexit2.o)
    0x080001c0   0x00000004   Code   RO          937    .ARM.Collect$$rtexit$$00000003  c_w.l(rtexit2.o)
    0x080001c4   0x00000006   Code   RO          938    .ARM.Collect$$rtexit$$00000004  c_w.l(rtexit2.o)
    0x080001ca   0x00000002   PAD
    0x080001cc   0x00000a78   Code   RO            1    .text               main.o
    0x08000c44   0x00000016   Code   RO          158    .text               stm32f10x_it.o
    0x08000c5a   0x00000002   PAD
    0x08000c5c   0x000001dc   Code   RO          190    .text               system_stm32f10x.o
    0x08000e38   0x00000038   Code   RO          208    .text               ledbeep.o
    0x08000e70   0x000000d8   Code   RO          224    .text               crc16.o
    0x08000f48   0x00000198   Code   RO          247    .text               24cxx.o
    0x080010e0   0x00000258   Code   RO          259    .text               myiic.o
    0x08001338   0x000000b0   Code   RO          271    .text               pwm.o
    0x080013e8   0x00000164   Code   RO          283    .text               delay.o
    0x0800154c   0x00001b2c   Code   RO          314    .text               usart.o
    0x08003078   0x00000040   Code   RO          351    .text               startup_stm32f10x_hd.o
    0x080030b8   0x000000dc   Code   RO          355    .text               misc.o
    0x08003194   0x00000358   Code   RO          367    .text               stm32f10x_gpio.o
    0x080034ec   0x00000408   Code   RO          379    .text               stm32f10x_usart.o
    0x080038f4   0x000003a4   Code   RO          391    .text               stm32f10x_rcc.o
    0x08003c98   0x00000e1a   Code   RO          405    .text               stm32f10x_tim.o
    0x08004ab2   0x00000002   PAD
    0x08004ab4   0x00000084   Code   RO          417    .text               bsp.o
    0x08004b38   0x000002b0   Code   RO          432    .text               cpu_core.o
    0x08004de8   0x00000034   Code   RO          470    .text               cpu_a.o
    0x08004e1c   0x00000256   Code   RO          473    .text               lib_ascii.o
    0x08005072   0x00000002   PAD
    0x08005074   0x000009c6   Code   RO          506    .text               lib_mem.o
    0x08005a3a   0x00000002   PAD
    0x08005a3c   0x0000092c   Code   RO          525    .text               lib_str.o
    0x08006368   0x00000220   Code   RO          542    .text               lib_mem_a.o
    0x08006588   0x000000fc   Code   RO          545    .text               os_cfg_app.o
    0x08006684   0x00000e20   Code   RO          568    .text               os_core.o
    0x080074a4   0x000001b0   Code   RO          580    .text               os_dbg.o
    0x08007654   0x00000e34   Code   RO          595    .text               os_flag.o
    0x08008488   0x00000438   Code   RO          607    .text               os_int.o
    0x080088c0   0x00000238   Code   RO          619    .text               os_mem.o
    0x08008af8   0x00000228   Code   RO          631    .text               os_msg.o
    0x08008d20   0x00000ad4   Code   RO          643    .text               os_mutex.o
    0x080097f4   0x0000007c   Code   RO          661    .text               os_prio.o
    0x08009870   0x000008d4   Code   RO          680    .text               os_q.o
    0x0800a144   0x00000830   Code   RO          692    .text               os_sem.o
    0x0800a974   0x00000640   Code   RO          704    .text               os_stat.o
    0x0800afb4   0x00001bb0   Code   RO          716    .text               os_task.o
    0x0800cb64   0x00000508   Code   RO          728    .text               os_tick.o
    0x0800d06c   0x00000564   Code   RO          740    .text               os_time.o
    0x0800d5d0   0x00000818   Code   RO          752    .text               os_tmr.o
    0x0800dde8   0x0000026c   Code   RO          781    .text               os_cpu_c.o
    0x0800e054   0x00000002   Code   RO          816    .text               c_w.l(use_no_semi_2.o)
    0x0800e056   0x000000ee   Code   RO          818    .text               c_w.l(lludivv7m.o)
    0x0800e144   0x0000004e   Code   RO          820    .text               c_w.l(rt_memclr_w.o)
    0x0800e192   0x00000006   Code   RO          822    .text               c_w.l(heapauxi.o)
    0x0800e198   0x00000002   Code   RO          838    .text               c_w.l(use_no_semi.o)
    0x0800e19a   0x0000004a   Code   RO          867    .text               c_w.l(sys_stackheap_outer.o)
    0x0800e1e4   0x0000000c   Code   RO          869    .text               c_w.l(exit.o)
    0x0800e1f0   0x00000008   Code   RO          881    .text               c_w.l(libspace.o)
    0x0800e1f8   0x00000098   Code   RO          778    CODE                os_cpu_a.o
    0x0800e290   0x00000018   Code   RO          845    x$fpl$fcmpinf       fz_ws.l(fcmpi.o)
    0x0800e2a8   0x00000068   Code   RO          826    x$fpl$feqf          fz_ws.l(feqf.o)
    0x0800e310   0x0000003e   Code   RO          828    x$fpl$ffixu         fz_ws.l(ffixu.o)
    0x0800e34e   0x00000002   PAD
    0x0800e350   0x00000026   Code   RO          832    x$fpl$ffltu         fz_ws.l(fflt_clz.o)
    0x0800e376   0x0000008c   Code   RO          847    x$fpl$fnaninf       fz_ws.l(fnaninf.o)
    0x0800e402   0x00000000   Code   RO          849    x$fpl$usenofp       fz_ws.l(usenofp.o)
    0x0800e402   0x00000200   Data   RO          225    .constdata          crc16.o
    0x0800e602   0x00000002   PAD
    0x0800e604   0x00000104   Data   RO          434    .constdata          cpu_core.o
    0x0800e708   0x00000094   Data   RO          526    .constdata          lib_str.o
    0x0800e79c   0x000000a4   Data   RO          547    .constdata          os_cfg_app.o
    0x0800e840   0x0000016c   Data   RO          581    .constdata          os_dbg.o
    0x0800e9ac   0x00000020   Data   RO         1001    Region$$Table       anon$$obj.o


    Execution Region RW_IRAM1 (Base: 0x20000000, Size: 0x00004198, Max: 0x00010000, ABSOLUTE)

    Base Addr    Size         Type   Attr      Idx    E Section Name        Object

    0x20000000   0x00000004   Data   RW            3    .data               main.o
    0x20000004   0x00000014   Data   RW          191    .data               system_stm32f10x.o
    0x20000018   0x00000004   Data   RW          226    .data               crc16.o
    0x2000001c   0x00000004   Data   RW          284    .data               delay.o
    0x20000020   0x0000000c   Data   RW          316    .data               usart.o
    0x2000002c   0x00000014   Data   RW          392    .data               stm32f10x_rcc.o
    0x20000040   0x00000004   Data   RW          435    .data               cpu_core.o
    0x20000044   0x00000004   Data   RW          508    .data               lib_mem.o
    0x20000048   0x00000008   Data   RW          662    .data               os_prio.o
    0x20000050   0x000000c8   Data   RW          765    .data               os_var.o
    0x20000118   0x00000004   Data   RW          782    .data               os_cpu_c.o
    0x2000011c   0x00000004   PAD
    0x20000120   0x00001418   Zero   RW            2    .bss                main.o
    0x20001538   0x00000234   Zero   RW          315    .bss                usart.o
    0x2000176c   0x00000010   Zero   RW          433    .bss                cpu_core.o
    0x2000177c   0x00000448   Zero   RW          507    .bss                lib_mem.o
    0x20001bc4   0x00001490   Zero   RW          546    .bss                os_cfg_app.o
    0x20003054   0x000006e0   Zero   RW          764    .bss                os_var.o
    0x20003734   0x00000060   Zero   RW          882    .bss                c_w.l(libspace.o)
    0x20003794   0x00000004   PAD
    0x20003798   0x00000200   Zero   RW          349    HEAP                startup_stm32f10x_hd.o
    0x20003998   0x00000800   Zero   RW          348    STACK               startup_stm32f10x_hd.o


==============================================================================

Image component sizes


      Code (inc. data)   RO Data    RW Data    ZI Data      Debug   Object Name

       408          0          0          0          0       2771   24cxx.o
       132         12          0          0          0       1139   bsp.o
        52          0          0          0          0        304   cpu_a.o
       688         12        260          4         16      14283   cpu_core.o
       216         26        512          4          0       1709   crc16.o
       356         28          0          4          0       1963   delay.o
        56          6          0          0          0        504   ledbeep.o
       598          0          0          0          0       3696   lib_ascii.o
      2502         32          0          4       1096      21720   lib_mem.o
       544          0          0          0          0        448   lib_mem_a.o
      2348          6        148          0          0      12998   lib_str.o
      2680        262          0          4       5144     297362   main.o
       220         20          0          0          0       1825   misc.o
       600         26          0          0          0       1997   myiic.o
       252        166        164          0       5264      20906   os_cfg_app.o
      3616        292          0          0          0      12033   os_core.o
       152         32          0          0          0        360   os_cpu_a.o
       620         66          0          4          0       3753   os_cpu_c.o
       432        286        364          0          0       4757   os_dbg.o
      3636        110          0          0          0       7647   os_flag.o
      1080        146          0          0          0       2252   os_int.o
       568         20          0          0          0       2652   os_mem.o
       552         12          0          0          0       2731   os_msg.o
      2772        114          0          0          0       5374   os_mutex.o
       124          4          0          8          0       1752   os_prio.o
      2260         74          0          0          0       6036   os_q.o
      2096         70          0          0          0       6036   os_sem.o
      1600        182          0          0          0       2757   os_stat.o
      7088        270          0          0          0      13414   os_task.o
      1288         90          0          0          0       3213   os_tick.o
      1380         46          0          0          0       3165   os_time.o
      2072        140          0          0          0       6250   os_tmr.o
         0          0          0        200       1760      19361   os_var.o
       176         16          0          0          0        704   pwm.o
        64         26        304          0       2560        760   startup_stm32f10x_hd.o
       856         40          0          0          0       5673   stm32f10x_gpio.o
        22          0          0          0          0        995   stm32f10x_it.o
       932         44          0         20          0       8848   stm32f10x_rcc.o
      3610         88          0          0          0      22156   stm32f10x_tim.o
      1032         22          0          0          0       8396   stm32f10x_usart.o
         0          0          0          0          0         32   sys.o
       476         36          0         20          0       1731   system_stm32f10x.o
      6956        336          0         12        564      13834   usart.o

    ----------------------------------------------------------------------
     57120       3158       1786        284      16408     550297   Object Totals
         0          0         32          0          0          0   (incl. Generated)
         8          0          2          0          4          0   (incl. Padding)

    ----------------------------------------------------------------------

      Code (inc. data)   RO Data    RW Data    ZI Data      Debug   Library Member Name

         8          0          0          0          0         68   __main.o
        52          8          0          0          0          0   __scatter.o
        26          0          0          0          0          0   __scatter_copy.o
        28          0          0          0          0          0   __scatter_zi.o
        12          0          0          0          0         72   exit.o
         6          0          0          0          0        152   heapauxi.o
         2          0          0          0          0          0   libinit.o
         2          0          0          0          0          0   libinit2.o
         2          0          0          0          0          0   libshutdown.o
         2          0          0          0          0          0   libshutdown2.o
         8          4          0          0         96         68   libspace.o
       238          0          0          0          0        100   lludivv7m.o
        78          0          0          0          0         80   rt_memclr_w.o
         0          0          0          0          0          0   rtentry.o
        12          0          0          0          0          0   rtentry2.o
         6          0          0          0          0          0   rtentry4.o
         2          0          0          0          0          0   rtexit.o
        10          0          0          0          0          0   rtexit2.o
        74          0          0          0          0         80   sys_stackheap_outer.o
         2          0          0          0          0         68   use_no_semi.o
         2          0          0          0          0         68   use_no_semi_2.o
        24          0          0          0          0         68   fcmpi.o
       104          4          0          0          0         84   feqf.o
        62          4          0          0          0         84   ffixu.o
        38          0          0          0          0         68   fflt_clz.o
       140          4          0          0          0         84   fnaninf.o
         0          0          0          0          0          0   usenofp.o

    ----------------------------------------------------------------------
       946         24          0          0        100       1144   Library Totals
         6          0          0          0          4          0   (incl. Padding)

    ----------------------------------------------------------------------

      Code (inc. data)   RO Data    RW Data    ZI Data      Debug   Library Name

       572         12          0          0         96        756   c_w.l
       368         12          0          0          0        388   fz_ws.l

    ----------------------------------------------------------------------
       946         24          0          0        100       1144   Library Totals

    ----------------------------------------------------------------------

==============================================================================


      Code (inc. data)   RO Data    RW Data    ZI Data      Debug   

     58066       3182       1786        284      16508     547073   Grand Totals
     58066       3182       1786        284      16508     547073   ELF Image Totals
     58066       3182       1786        284          0          0   ROM Totals

==============================================================================

    Total RO  Size (Code + RO Data)                59852 (  58.45kB)
    Total RW  Size (RW Data + ZI Data)             16792 (  16.40kB)
    Total ROM Size (Code + RO Data + RW Data)      60136 (  58.73kB)

==============================================================================

